Component: ARM Compiler 5.06 update 6 (build 750) Tool: armlink [4d35ed]

==============================================================================

Section Cross References

    main.o(.text) refers to _printf_percent.o(.ARM.Collect$$_printf_percent$$00000000) for _printf_percent
    main.o(.text) refers to _printf_f.o(.ARM.Collect$$_printf_percent$$00000003) for _printf_f
    main.o(.text) refers to printf1.o(x$fpl$printf1) for _printf_fp_dec
    main.o(.text) refers to misc.o(.text) for NVIC_PriorityGroupConfig
    main.o(.text) refers to key.o(.text) for KEY_Init
    main.o(.text) refers to exti.o(.text) for EXTIX_Init
    main.o(.text) refers to delay.o(.text) for delay_init
    main.o(.text) refers to led.o(.text) for LED_Init
    main.o(.text) refers to lcd.o(.text) for LCD_Initializtion
    main.o(.text) refers to arm_cfft_radix4_init_f32.o(.text) for arm_cfft_radix4_init_f32
    main.o(.text) refers to ad7176z.o(.text) for AT45DBXX_Init
    main.o(.text) refers to stm32f4xx_gpio.o(.text) for GPIO_ResetBits
    main.o(.text) refers to stm32f4xx_spi.o(.text) for SPI_I2S_ReceiveData
    main.o(.text) refers to ws_spi.o(.text) for SPI_Send_byte
    main.o(.text) refers to tim.o(.text) for TIM5_CH1_Cap_Init
    main.o(.text) refers to stm32f4xx_tim.o(.text) for TIM_Cmd
    main.o(.text) refers to noretval__2sprintf.o(.text) for __2sprintf
    main.o(.text) refers to ddiv.o(x$fpl$ddiv) for __aeabi_ddiv
    main.o(.text) refers to dfix.o(x$fpl$dfix) for __aeabi_d2iz
    main.o(.text) refers to dflt_clz.o(x$fpl$dfltu) for __aeabi_ui2d
    main.o(.text) refers to d2f.o(x$fpl$d2f) for __aeabi_d2f
    main.o(.text) refers to arm_cfft_radix4_f32.o(.text) for arm_cfft_radix4_f32
    main.o(.text) refers to arm_cmplx_mag_f32.o(.text) for arm_cmplx_mag_f32
    main.o(.text) refers to f2d.o(x$fpl$f2d) for __aeabi_f2d
    main.o(.text) refers to dmul.o(x$fpl$dmul) for __aeabi_dmul
    main.o(.text) refers to daddsub_clz.o(x$fpl$dadd) for __aeabi_dadd
    main.o(.text) refers to sqrt.o(i.__hardfp_sqrt) for __hardfp_sqrt
    main.o(.text) refers to dflt_clz.o(x$fpl$dflt) for __aeabi_i2d
    main.o(.text) refers to daddsub_clz.o(x$fpl$dsub) for __aeabi_dsub
    main.o(.text) refers to dfixu.o(x$fpl$dfixu) for __aeabi_d2uiz
    main.o(.text) refers to main.o(.data) for .data
    main.o(.text) refers to tim.o(.data) for ftemp
    main.o(.text) refers to tim.o(.bss) for strf
    main.o(.text) refers to main.o(.bss) for .bss
    asciilib.o(.text) refers to rt_memcpy_v6.o(.text) for __aeabi_memcpy
    asciilib.o(.text) refers to asciilib.o(.constdata) for .constdata
    lcd.o(.text) refers to stm32f4xx_rcc.o(.text) for RCC_AHB1PeriphClockCmd
    lcd.o(.text) refers to stm32f4xx_gpio.o(.text) for GPIO_PinAFConfig
    lcd.o(.text) refers to lcd.o(i.LCD_WriteReg) for LCD_WriteReg
    lcd.o(.text) refers to lcd.o(.data) for .data
    lcd.o(.text) refers to asciilib.o(.text) for GetASCIICode
    lcd.o(.text) refers to lcd.o(.constdata) for .constdata
    lcd.o(.text) refers to stm32f4xx_fsmc.o(.text) for FSMC_NORSRAMInit
    led.o(.text) refers to stm32f4xx_rcc.o(.text) for RCC_AHB1PeriphClockCmd
    led.o(.text) refers to stm32f4xx_gpio.o(.text) for GPIO_Init
    tim.o(.text) refers to stm32f4xx_rcc.o(.text) for RCC_APB1PeriphClockCmd
    tim.o(.text) refers to stm32f4xx_tim.o(.text) for TIM_TimeBaseInit
    tim.o(.text) refers to misc.o(.text) for NVIC_Init
    tim.o(.text) refers to stm32f4xx_gpio.o(.text) for GPIO_ResetBits
    tim.o(.text) refers to ws_spi.o(.text) for SPI_Send_byte
    tim.o(.text) refers to dflt_clz.o(x$fpl$dfltu) for __aeabi_ui2d
    tim.o(.text) refers to dmul.o(x$fpl$dmul) for __aeabi_dmul
    tim.o(.text) refers to daddsub_clz.o(x$fpl$dadd) for __aeabi_dadd
    tim.o(.text) refers to ddiv.o(x$fpl$ddiv) for __aeabi_ddiv
    tim.o(.text) refers to dfixll.o(x$fpl$llsfromd) for __aeabi_d2lz
    tim.o(.text) refers to main.o(.data) for Volt
    tim.o(.text) refers to tim.o(.data) for .data
    tim.o(.text) refers to main.o(.bss) for adcd
    tim.o(.text) refers to tim.o(.bss) for .bss
    ad7176z.o(.text) refers to _printf_pad.o(.text) for _printf_pre_padding
    ad7176z.o(.text) refers to _printf_percent.o(.ARM.Collect$$_printf_percent$$00000000) for _printf_percent
    ad7176z.o(.text) refers to _printf_x.o(.ARM.Collect$$_printf_percent$$0000000C) for _printf_x
    ad7176z.o(.text) refers to _printf_hex_int.o(.text) for _printf_longlong_hex
    ad7176z.o(.text) refers to ws_spi.o(.text) for SPI_Configuration
    ad7176z.o(.text) refers to stm32f4xx_rcc.o(.text) for RCC_AHB1PeriphClockCmd
    ad7176z.o(.text) refers to stm32f4xx_gpio.o(.text) for GPIO_Init
    ad7176z.o(.text) refers to delay.o(.text) for delay_us
    ad7176z.o(.text) refers to noretval__2sprintf.o(.text) for __2sprintf
    ad7176z.o(.text) refers to lcd.o(.text) for GUI_Text
    ws_spi.o(.text) refers to stm32f4xx_rcc.o(.text) for RCC_AHB1PeriphClockCmd
    ws_spi.o(.text) refers to stm32f4xx_gpio.o(.text) for GPIO_PinAFConfig
[...]
    x$fpl$d2f                                0x080077e0   Section       98  d2f.o(x$fpl$d2f)
    $v0                                      0x080077e0   Number         0  d2f.o(x$fpl$d2f)
    x$fpl$dadd                               0x08007844   Section      336  daddsub_clz.o(x$fpl$dadd)
    $v0                                      0x08007844   Number         0  daddsub_clz.o(x$fpl$dadd)
    _dadd1                                   0x08007855   Thumb Code     0  daddsub_clz.o(x$fpl$dadd)
    x$fpl$ddiv                               0x08007994   Section      688  ddiv.o(x$fpl$ddiv)
    $v0                                      0x08007994   Number         0  ddiv.o(x$fpl$ddiv)
    ddiv_entry                               0x0800799b   Thumb Code     0  ddiv.o(x$fpl$ddiv)
    x$fpl$dfix                               0x08007c44   Section       94  dfix.o(x$fpl$dfix)
    $v0                                      0x08007c44   Number         0  dfix.o(x$fpl$dfix)
    x$fpl$dfixu                              0x08007ca4   Section       90  dfixu.o(x$fpl$dfixu)
    $v0                                      0x08007ca4   Number         0  dfixu.o(x$fpl$dfixu)
    x$fpl$dflt                               0x08007cfe   Section       46  dflt_clz.o(x$fpl$dflt)
    $v0                                      0x08007cfe   Number         0  dflt_clz.o(x$fpl$dflt)
    x$fpl$dfltu                              0x08007d2c   Section       38  dflt_clz.o(x$fpl$dfltu)
    $v0                                      0x08007d2c   Number         0  dflt_clz.o(x$fpl$dfltu)
    x$fpl$dmul                               0x08007d54   Section      340  dmul.o(x$fpl$dmul)
    $v0                                      0x08007d54   Number         0  dmul.o(x$fpl$dmul)
    x$fpl$dnaninf                            0x08007ea8   Section      156  dnaninf.o(x$fpl$dnaninf)
    $v0                                      0x08007ea8   Number         0  dnaninf.o(x$fpl$dnaninf)
    x$fpl$dretinf                            0x08007f44   Section       12  dretinf.o(x$fpl$dretinf)
    $v0                                      0x08007f44   Number         0  dretinf.o(x$fpl$dretinf)
    x$fpl$dsqrt                              0x08007f50   Section      408  dsqrt_umaal.o(x$fpl$dsqrt)
    $v0                                      0x08007f50   Number         0  dsqrt_umaal.o(x$fpl$dsqrt)
    x$fpl$dsub                               0x080080e8   Section      468  daddsub_clz.o(x$fpl$dsub)
    $v0                                      0x080080e8   Number         0  daddsub_clz.o(x$fpl$dsub)
    _dsub1                                   0x080080f9   Thumb Code     0  daddsub_clz.o(x$fpl$dsub)
    x$fpl$f2d                                0x080082bc   Section       86  f2d.o(x$fpl$f2d)
    $v0                                      0x080082bc   Number         0  f2d.o(x$fpl$f2d)
    x$fpl$fnaninf                            0x08008312   Section      140  fnaninf.o(x$fpl$fnaninf)
    $v0                                      0x08008312   Number         0  fnaninf.o(x$fpl$fnaninf)
    x$fpl$fpinit                             0x0800839e   Section       10  fpinit.o(x$fpl$fpinit)
    $v0                                      0x0800839e   Number         0  fpinit.o(x$fpl$fpinit)
    x$fpl$fretinf                            0x080083a8   Section       10  fretinf.o(x$fpl$fretinf)
    $v0                                      0x080083a8   Number         0  fretinf.o(x$fpl$fretinf)
    x$fpl$llsfromd                           0x080083b4   Section      194  dfixll.o(x$fpl$llsfromd)
    $v0                                      0x080083b4   Number         0  dfixll.o(x$fpl$llsfromd)
    x$fpl$printf1                            0x08008476   Section        4  printf1.o(x$fpl$printf1)
    $v0                                      0x08008476   Number         0  printf1.o(x$fpl$printf1)
    .constdata                               0x0800847a   Section     1520  asciilib.o(.constdata)
    x$fpl$usenofp                            0x0800847a   Section        0  usenofp.o(x$fpl$usenofp)
    .constdata                               0x08008a6a   Section     1520  lcd.o(.constdata)
    .constdata                               0x0800905a   Section     2048  arm_common_tables.o(.constdata)
    .constdata                               0x0800985c   Section    32768  arm_common_tables.o(.constdata)
    .constdata                               0x0801185c   Section       40  _printf_hex_int.o(.constdata)
    uc_hextab                                0x0801185c   Data          20  _printf_hex_int.o(.constdata)
    lc_hextab                                0x08011870   Data          20  _printf_hex_int.o(.constdata)
    .constdata                               0x08011884   Section       17  __printf_flags_wp.o(.constdata)
    maptable                                 0x08011884   Data          17  __printf_flags_wp.o(.constdata)
    .constdata                               0x08011898   Section      148  bigflt0.o(.constdata)
    tenpwrs_x                                0x08011898   Data          60  bigflt0.o(.constdata)
    tenpwrs_i                                0x080118d4   Data          64  bigflt0.o(.constdata)
    locale$$data                             0x0801194c   Section       28  lc_numeric_c.o(locale$$data)
    __lcnum_c_name                           0x08011950   Data           2  lc_numeric_c.o(locale$$data)
    __lcnum_c_start                          0x08011958   Data           0  lc_numeric_c.o(locale$$data)
    __lcnum_c_point                          0x08011964   Data           0  lc_numeric_c.o(locale$$data)
    __lcnum_c_thousands                      0x08011966   Data           0  lc_numeric_c.o(locale$$data)
    __lcnum_c_grouping                       0x08011967   Data           0  lc_numeric_c.o(locale$$data)
    __lcnum_c_end                            0x08011968   Data           0  lc_numeric_c.o(locale$$data)
    .data                                    0x20000000   Section       16  main.o(.data)
    cheng10                                  0x20000004   Data           4  main.o(.data)
    .data                                    0x20000010   Section        4  main.o(.data)
    .data                                    0x20000014   Section        4  lcd.o(.data)
    LCD_Code                                 0x20000014   Data           1  lcd.o(.data)
    .data                                    0x20000018   Section       56  tim.o(.data)
    .data                                    0x20000050   Section       16  stm32f4xx_rcc.o(.data)
    APBAHBPrescTable                         0x20000050   Data          16  stm32f4xx_rcc.o(.data)
    .data                                    0x20000060   Section       20  system_stm32f4xx.o(.data)
    .data                                    0x20000074   Section        4  delay.o(.data)
    fac_us                                   0x20000074   Data           1  delay.o(.data)
    fac_ms                                   0x20000076   Data           2  delay.o(.data)
    .data                                    0x20000078   Section        2  usart.o(.data)
    .bss                                     0x2000007c   Section    65536  main.o(.bss)
    .bss                                     0x2001007c   Section       32  tim.o(.bss)
    .bss                                     0x2001009c   Section       10  tim.o(.bss)
    .bss                                     0x200100a6   Section      200  usart.o(.bss)
    .bss                                     0x20010170   Section       96  libspace.o(.bss)
    HEAP                                     0x200101d0   Section      512  startup_stm32f4xx.o(HEAP)
    Heap_Mem                                 0x200101d0   Data         512  startup_stm32f4xx.o(HEAP)
    STACK                                    0x200103d0   Section     1024  startup_stm32f4xx.o(STACK)
    Stack_Mem                                0x200103d0   Data        1024  startup_stm32f4xx.o(STACK)
    __initial_sp                             0x200107d0   Data           0  startup_stm32f4xx.o(STACK)

    Global Symbols

    Symbol Name                              Value     Ov Type        Size  Object(Section)

    BuildAttributes$$THM_ISAv4$E$P$D$K$B$S$7EM$VFPi3$EXTD16$VFPS$VFMA$PE$A:L22UL41UL21$X:L11$S22US41US21$IEEE1$IW$USESV6$~STKCKD$USESV7$~SHL$OTIME$ROPI$IEEEJ$EBA8$UX$STANDARDLIB$REQ8$PRES8$EABIv2 0x00000000   Number         0  anon$$obj.o ABSOLUTE
    __ARM_use_no_argv                        0x00000000   Number         0  main.o ABSOLUTE
    _printf_flags                            0x00000000   Number         0  printf_stubs.o ABSOLUTE
    _printf_return_value                     0x00000000   Number         0  printf_stubs.o ABSOLUTE
    _printf_sizespec                         0x00000000   Number         0  printf_stubs.o ABSOLUTE
    _printf_widthprec                        0x00000000   Number         0  printf_stubs.o ABSOLUTE
    __ARM_exceptions_init                     - Undefined Weak Reference
    __alloca_initialize                       - Undefined Weak Reference
    __arm_preinit_                            - Undefined Weak Reference
    __cpp_initialize__aeabi_                  - Undefined Weak Reference
    __cxa_finalize                            - Undefined Weak Reference
    __sigvec_lookup                           - Undefined Weak Reference
    _atexit_init                              - Undefined Weak Reference
    _call_atexit_fns                          - Undefined Weak Reference
    _clock_init                               - Undefined Weak Reference
    _fp_trap_init                             - Undefined Weak Reference
    _fp_trap_shutdown                         - Undefined Weak Reference
    _get_lc_collate                           - Undefined Weak Reference
    _get_lc_ctype                             - Undefined Weak Reference
    _get_lc_monetary                          - Undefined Weak Reference
    _get_lc_time                              - Undefined Weak Reference
    _getenv_init                              - Undefined Weak Reference
    _handle_redirection                       - Undefined Weak Reference
    _init_alloc                               - Undefined Weak Reference
    _init_user_alloc                          - Undefined Weak Reference
    _initio                                   - Undefined Weak Reference
    _printf_truncate_unsigned                 - Undefined Weak Reference
    _rand_init                                - Undefined Weak Reference
    _signal_finish                            - Undefined Weak Reference
    _signal_init                              - Undefined Weak Reference
    _terminate_alloc                          - Undefined Weak Reference
    _terminate_user_alloc                     - Undefined Weak Reference
    _terminateio                              - Undefined Weak Reference
    __Vectors_Size                           0x00000188   Number         0  startup_stm32f4xx.o ABSOLUTE
    __Vectors                                0x08000000   Data           4  startup_stm32f4xx.o(RESET)
    __Vectors_End                            0x08000188   Data           0  startup_stm32f4xx.o(RESET)
    __main                                   0x08000189   Thumb Code     8  __main.o(!!!main)
    __scatterload                            0x08000191   Thumb Code     0  __scatter.o(!!!scatter)
    __scatterload_rt2                        0x08000191   Thumb Code    44  __scatter.o(!!!scatter)
    __scatterload_rt2_thumb_only             0x08000191   Thumb Code     0  __scatter.o(!!!scatter)
    __scatterload_null                       0x0800019f   Thumb Code     0  __scatter.o(!!!scatter)
    __scatterload_copy                       0x080001c5   Thumb Code    26  __scatter_copy.o(!!handler_copy)
    __scatterload_zeroinit                   0x080001e1   Thumb Code    28  __scatter_zi.o(!!handler_zi)
    _printf_f                                0x080001fd   Thumb Code     0  _printf_f.o(.ARM.Collect$$_printf_percent$$00000003)
    _printf_percent                          0x080001fd   Thumb Code     0  _printf_percent.o(.ARM.Collect$$_printf_percent$$00000000)
    _printf_x                                0x08000203   Thumb Code     0  _printf_x.o(.ARM.Collect$$_printf_percent$$0000000C)
    _printf_percent_end                      0x08000209   Thumb Code     0  _printf_percent_end.o(.ARM.Collect$$_printf_percent$$00000017)
    __rt_lib_init                            0x0800020d   Thumb Code     0  libinit.o(.ARM.Collect$$libinit$$00000000)
    __rt_lib_init_fp_1                       0x0800020f   Thumb Code     0  libinit2.o(.ARM.Collect$$libinit$$00000001)
    __rt_lib_init_heap_1                     0x08000213   Thumb Code     0  libinit2.o(.ARM.Collect$$libinit$$0000000A)
    __rt_lib_init_lc_common                  0x08000213   Thumb Code     0  libinit2.o(.ARM.Collect$$libinit$$0000000F)
    __rt_lib_init_preinit_1                  0x08000213   Thumb Code     0  libinit2.o(.ARM.Collect$$libinit$$00000004)
    __rt_lib_init_rand_1                     0x08000213   Thumb Code     0  libinit2.o(.ARM.Collect$$libinit$$0000000E)
    __rt_lib_init_user_alloc_1               0x08000213   Thumb Code     0  libinit2.o(.ARM.Collect$$libinit$$0000000C)
    __rt_lib_init_lc_collate_1               0x08000219   Thumb Code     0  libinit2.o(.ARM.Collect$$libinit$$00000011)
    __rt_lib_init_lc_ctype_1                 0x08000219   Thumb Code     0  libinit2.o(.ARM.Collect$$libinit$$00000013)
    __rt_lib_init_lc_monetary_1              0x08000219   Thumb Code     0  libinit2.o(.ARM.Collect$$libinit$$00000015)
    __rt_lib_init_lc_numeric_2               0x08000219   Thumb Code     0  libinit2.o(.ARM.Collect$$libinit$$00000016)
    __rt_lib_init_alloca_1                   0x08000223   Thumb Code     0  libinit2.o(.ARM.Collect$$libinit$$0000002E)
    __rt_lib_init_argv_1                     0x08000223   Thumb Code     0  libinit2.o(.ARM.Collect$$libinit$$0000002C)
    __rt_lib_init_atexit_1                   0x08000223   Thumb Code     0  libinit2.o(.ARM.Collect$$libinit$$0000001B)
    __rt_lib_init_clock_1                    0x08000223   Thumb Code     0  libinit2.o(.ARM.Collect$$libinit$$00000021)
    __rt_lib_init_cpp_1                      0x08000223   Thumb Code     0  libinit2.o(.ARM.Collect$$libinit$$00000032)
    __rt_lib_init_exceptions_1               0x08000223   Thumb Code     0  libinit2.o(.ARM.Collect$$libinit$$00000030)
    __rt_lib_init_fp_trap_1                  0x08000223   Thumb Code     0  libinit2.o(.ARM.Collect$$libinit$$0000001F)
    __rt_lib_init_getenv_1                   0x08000223   Thumb Code     0  libinit2.o(.ARM.Collect$$libinit$$00000023)
    __rt_lib_init_lc_numeric_1               0x08000223   Thumb Code     0  libinit2.o(.ARM.Collect$$libinit$$00000017)
    __rt_lib_init_lc_time_1                  0x08000223   Thumb Code     0  libinit2.o(.ARM.Collect$$libinit$$00000019)
    __rt_lib_init_return                     0x08000223   Thumb Code     0  libinit2.o(.ARM.Collect$$libinit$$00000033)
    __rt_lib_init_signal_1                   0x08000223   Thumb Code     0  libinit2.o(.ARM.Collect$$libinit$$0000001D)
    __rt_lib_init_stdio_1                    0x08000223   Thumb Code     0  libinit2.o(.ARM.Collect$$libinit$$00000025)
    __rt_lib_shutdown                        0x08000225   Thumb Code     0  libshutdown.o(.ARM.Collect$$libshutdown$$00000000)
    __rt_lib_shutdown_cpp_1                  0x08000227   Thumb Code     0  libshutdown2.o(.ARM.Collect$$libshutdown$$00000002)
    __rt_lib_shutdown_fp_trap_1              0x08000227   Thumb Code     0  libshutdown2.o(.ARM.Collect$$libshutdown$$00000007)
    __rt_lib_shutdown_heap_1                 0x08000227   Thumb Code     0  libshutdown2.o(.ARM.Collect$$libshutdown$$0000000F)
    __rt_lib_shutdown_return                 0x08000227   Thumb Code     0  libshutdown2.o(.ARM.Collect$$libshutdown$$00000010)
    __rt_lib_shutdown_signal_1               0x08000227   Thumb Code     0  libshutdown2.o(.ARM.Collect$$libshutdown$$0000000A)
    __rt_lib_shutdown_stdio_1                0x08000227   Thumb Code     0  libshutdown2.o(.ARM.Collect$$libshutdown$$00000004)
    __rt_lib_shutdown_user_alloc_1           0x08000227   Thumb Code     0  libshutdown2.o(.ARM.Collect$$libshutdown$$0000000C)
    __rt_entry                               0x08000229   Thumb Code     0  __rtentry.o(.ARM.Collect$$rtentry$$00000000)
    __rt_entry_presh_1                       0x08000229   Thumb Code     0  __rtentry2.o(.ARM.Collect$$rtentry$$00000002)
    __rt_entry_sh                            0x08000229   Thumb Code     0  __rtentry4.o(.ARM.Collect$$rtentry$$00000004)
    __rt_entry_li                            0x0800022f   Thumb Code     0  __rtentry2.o(.ARM.Collect$$rtentry$$0000000A)
    __rt_entry_postsh_1                      0x0800022f   Thumb Code     0  __rtentry2.o(.ARM.Collect$$rtentry$$00000009)
    __rt_entry_main                          0x08000233   Thumb Code     0  __rtentry2.o(.ARM.Collect$$rtentry$$0000000D)
    __rt_entry_postli_1                      0x08000233   Thumb Code     0  __rtentry2.o(.ARM.Collect$$rtentry$$0000000C)
    __rt_exit                                0x0800023b   Thumb Code     0  rtexit.o(.ARM.Collect$$rtexit$$00000000)
    __rt_exit_ls                             0x0800023d   Thumb Code     0  rtexit2.o(.ARM.Collect$$rtexit$$00000003)
    __rt_exit_prels_1                        0x0800023d   Thumb Code     0  rtexit2.o(.ARM.Collect$$rtexit$$00000002)
    __rt_exit_exit                           0x08000241   Thumb Code     0  rtexit2.o(.ARM.Collect$$rtexit$$00000004)
    Delay_SPI                                0x08000249   Thumb Code    12  main.o(.text)
    main                                     0x08000255   Thumb Code  5238  main.o(.text)
    GetASCIICode                             0x080016cd   Thumb Code    16  asciilib.o(.text)
    LCD_Initializtion                        0x0800181f   Thumb Code  5674  lcd.o(.text)
    LCD_SetCursor                            0x08002e49   Thumb Code    60  lcd.o(.text)
    LCD_Clear                                0x08002e85   Thumb Code   116  lcd.o(.text)
    LCD_GetPoint                             0x08002ef9   Thumb Code    94  lcd.o(.text)
    LCD_SetPoint                             0x08002f57   Thumb Code    32  lcd.o(.text)
    LCD_DrawLine                             0x08002f77   Thumb Code   220  lcd.o(.text)
    PutChar                                  0x08003053   Thumb Code    82  lcd.o(.text)
    PutNum                                   0x080030a5   Thumb Code    82  lcd.o(.text)
    GUI_Text                                 0x080030f7   Thumb Code    70  lcd.o(.text)
    GUI_Num                                  0x0800313d   Thumb Code   116  lcd.o(.text)
    LCD_ShowPicture                          0x080031b1   Thumb Code    82  lcd.o(.text)
    Prepare_Write_RAM                        0x08003203   Thumb Code    10  lcd.o(.text)
    NMI_Handler                              0x08003285   Thumb Code     2  stm32f4xx_it.o(.text)
    HardFault_Handler                        0x08003287   Thumb Code     2  stm32f4xx_it.o(.text)
    MemManage_Handler                        0x08003289   Thumb Code     2  stm32f4xx_it.o(.text)
    BusFault_Handler                         0x0800328b   Thumb Code     2  stm32f4xx_it.o(.text)
    UsageFault_Handler                       0x0800328d   Thumb Code     2  stm32f4xx_it.o(.text)
    SVC_Handler                              0x0800328f   Thumb Code     2  stm32f4xx_it.o(.text)
    DebugMon_Handler                         0x08003291   Thumb Code     2  stm32f4xx_it.o(.text)
    PendSV_Handler                           0x08003293   Thumb Code     2  stm32f4xx_it.o(.text)
    SysTick_Handler                          0x08003295   Thumb Code     2  stm32f4xx_it.o(.text)
    LED_Init                                 0x08003299   Thumb Code    58  led.o(.text)
    TIM3_Int_Init                            0x080032d9   Thumb Code    88  tim.o(.text)
    TIM3_IRQHandler                          0x08003331   Thumb Code   134  tim.o(.text)
    TIM5_CH1_Cap_Init                        0x080033b7   Thumb Code   166  tim.o(.text)
    TIM5_IRQHandler                          0x0800345d   Thumb Code   500  tim.o(.text)
    AT45DBXX_Init                            0x080036a5   Thumb Code    62  ad7176z.o(.text)
    AD7176_Read_ID                           0x080036e3   Thumb Code    82  ad7176z.o(.text)
    SPI_Configuration                        0x08003745   Thumb Code   186  ws_spi.o(.text)
    SPI_Send_byte                            0x080037ff   Thumb Code    48  ws_spi.o(.text)
    SPI_Receive_byte                         0x0800382f   Thumb Code    46  ws_spi.o(.text)
    KEY_Init                                 0x08003865   Thumb Code    42  key.o(.text)
    EXTI9_5_IRQHandler                       0x08003895   Thumb Code    78  exti.o(.text)
    EXTI4_IRQHandler                         0x080038e3   Thumb Code    78  exti.o(.text)
    EXTI2_IRQHandler                         0x08003931   Thumb Code    78  exti.o(.text)
    EXTIX_Init                               0x0800397f   Thumb Code   174  exti.o(.text)
    Reset_Handler                            0x08003a45   Thumb Code     8  startup_stm32f4xx.o(.text)
    ADC_IRQHandler                           0x08003a5f   Thumb Code     0  startup_stm32f4xx.o(.text)
    CAN1_RX0_IRQHandler                      0x08003a5f   Thumb Code     0  startup_stm32f4xx.o(.text)
    CAN1_RX1_IRQHandler                      0x08003a5f   Thumb Code     0  startup_stm32f4xx.o(.text)
    CAN1_SCE_IRQHandler                      0x08003a5f   Thumb Code     0  startup_stm32f4xx.o(.text)
    CAN1_TX_IRQHandler                       0x08003a5f   Thumb Code     0  startup_stm32f4xx.o(.text)
    CAN2_RX0_IRQHandler                      0x08003a5f   Thumb Code     0  startup_stm32f4xx.o(.text)
    CAN2_RX1_IRQHandler                      0x08003a5f   Thumb Code     0  startup_stm32f4xx.o(.text)
    CAN2_SCE_IRQHandler                      0x08003a5f   Thumb Code     0  startup_stm32f4xx.o(.text)
    CAN2_TX_IRQHandler                       0x08003a5f   Thumb Code     0  startup_stm32f4xx.o(.text)
    CRYP_IRQHandler                          0x08003a5f   Thumb Code     0  startup_stm32f4xx.o(.text)
    DCMI_IRQHandler                          0x08003a5f   Thumb Code     0  startup_stm32f4xx.o(.text)
    DMA1_Stream0_IRQHandler                  0x08003a5f   Thumb Code     0  startup_stm32f4xx.o(.text)
    DMA1_Stream1_IRQHandler                  0x08003a5f   Thumb Code     0  startup_stm32f4xx.o(.text)
    DMA1_Stream2_IRQHandler                  0x08003a5f   Thumb Code     0  startup_stm32f4xx.o(.text)
    DMA1_Stream3_IRQHandler                  0x08003a5f   Thumb Code     0  startup_stm32f4xx.o(.text)
    DMA1_Stream4_IRQHandler                  0x08003a5f   Thumb Code     0  startup_stm32f4xx.o(.text)
    DMA1_Stream5_IRQHandler                  0x08003a5f   Thumb Code     0  startup_stm32f4xx.o(.text)
    DMA1_Stream6_IRQHandler                  0x08003a5f   Thumb Code     0  startup_stm32f4xx.o(.text)
    DMA1_Stream7_IRQHandler                  0x08003a5f   Thumb Code     0  startup_stm32f4xx.o(.text)
    DMA2_Stream0_IRQHandler                  0x08003a5f   Thumb Code     0  startup_stm32f4xx.o(.text)
    DMA2_Stream1_IRQHandler                  0x08003a5f   Thumb Code     0  startup_stm32f4xx.o(.text)
    DMA2_Stream2_IRQHandler                  0x08003a5f   Thumb Code     0  startup_stm32f4xx.o(.text)
    DMA2_Stream3_IRQHandler                  0x08003a5f   Thumb Code     0  startup_stm32f4xx.o(.text)
    DMA2_Stream4_IRQHandler                  0x08003a5f   Thumb Code     0  startup_stm32f4xx.o(.text)
    DMA2_Stream5_IRQHandler                  0x08003a5f   Thumb Code     0  startup_stm32f4xx.o(.text)
    DMA2_Stream6_IRQHandler                  0x08003a5f   Thumb Code     0  startup_stm32f4xx.o(.text)
    DMA2_Stream7_IRQHandler                  0x08003a5f   Thumb Code     0  startup_stm32f4xx.o(.text)
    ETH_IRQHandler                           0x08003a5f   Thumb Code     0  startup_stm32f4xx.o(.text)
    ETH_WKUP_IRQHandler                      0x08003a5f   Thumb Code     0  startup_stm32f4xx.o(.text)
    EXTI0_IRQHandler                         0x08003a5f   Thumb Code     0  startup_stm32f4xx.o(.text)
    EXTI15_10_IRQHandler                     0x08003a5f   Thumb Code     0  startup_stm32f4xx.o(.text)
    EXTI1_IRQHandler                         0x08003a5f   Thumb Code     0  startup_stm32f4xx.o(.text)
    EXTI3_IRQHandler                         0x08003a5f   Thumb Code     0  startup_stm32f4xx.o(.text)
    FLASH_IRQHandler                         0x08003a5f   Thumb Code     0  startup_stm32f4xx.o(.text)
    FPU_IRQHandler                           0x08003a5f   Thumb Code     0  startup_stm32f4xx.o(.text)
    FSMC_IRQHandler                          0x08003a5f   Thumb Code     0  startup_stm32f4xx.o(.text)
    HASH_RNG_IRQHandler                      0x08003a5f   Thumb Code     0  startup_stm32f4xx.o(.text)
    I2C1_ER_IRQHandler                       0x08003a5f   Thumb Code     0  startup_stm32f4xx.o(.text)
    I2C1_EV_IRQHandler                       0x08003a5f   Thumb Code     0  startup_stm32f4xx.o(.text)
    I2C2_ER_IRQHandler                       0x08003a5f   Thumb Code     0  startup_stm32f4xx.o(.text)
    I2C2_EV_IRQHandler                       0x08003a5f   Thumb Code     0  startup_stm32f4xx.o(.text)
    I2C3_ER_IRQHandler                       0x08003a5f   Thumb Code     0  startup_stm32f4xx.o(.text)
    I2C3_EV_IRQHandler                       0x08003a5f   Thumb Code     0  startup_stm32f4xx.o(.text)
    OTG_FS_IRQHandler                        0x08003a5f   Thumb Code     0  startup_stm32f4xx.o(.text)
    OTG_FS_WKUP_IRQHandler                   0x08003a5f   Thumb Code     0  startup_stm32f4xx.o(.text)
    OTG_HS_EP1_IN_IRQHandler                 0x08003a5f   Thumb Code     0  startup_stm32f4xx.o(.text)
    OTG_HS_EP1_OUT_IRQHandler                0x08003a5f   Thumb Code     0  startup_stm32f4xx.o(.text)
    OTG_HS_IRQHandler                        0x08003a5f   Thumb Code     0  startup_stm32f4xx.o(.text)
    OTG_HS_WKUP_IRQHandler                   0x08003a5f   Thumb Code     0  startup_stm32f4xx.o(.text)
    PVD_IRQHandler                           0x08003a5f   Thumb Code     0  startup_stm32f4xx.o(.text)
    RCC_IRQHandler                           0x08003a5f   Thumb Code     0  startup_stm32f4xx.o(.text)
    RTC_Alarm_IRQHandler                     0x08003a5f   Thumb Code     0  startup_stm32f4xx.o(.text)
    RTC_WKUP_IRQHandler                      0x08003a5f   Thumb Code     0  startup_stm32f4xx.o(.text)
    SDIO_IRQHandler                          0x08003a5f   Thumb Code     0  startup_stm32f4xx.o(.text)
    SPI1_IRQHandler                          0x08003a5f   Thumb Code     0  startup_stm32f4xx.o(.text)
    SPI2_IRQHandler                          0x08003a5f   Thumb Code     0  startup_stm32f4xx.o(.text)
    SPI3_IRQHandler                          0x08003a5f   Thumb Code     0  startup_stm32f4xx.o(.text)
    TAMP_STAMP_IRQHandler                    0x08003a5f   Thumb Code     0  startup_stm32f4xx.o(.text)
    TIM1_BRK_TIM9_IRQHandler                 0x08003a5f   Thumb Code     0  startup_stm32f4xx.o(.text)
    TIM1_CC_IRQHandler                       0x08003a5f   Thumb Code     0  startup_stm32f4xx.o(.text)
    TIM1_TRG_COM_TIM11_IRQHandler            0x08003a5f   Thumb Code     0  startup_stm32f4xx.o(.text)
    TIM1_UP_TIM10_IRQHandler                 0x08003a5f   Thumb Code     0  startup_stm32f4xx.o(.text)
    TIM2_IRQHandler                          0x08003a5f   Thumb Code     0  startup_stm32f4xx.o(.text)
    TIM4_IRQHandler                          0x08003a5f   Thumb Code     0  startup_stm32f4xx.o(.text)
    TIM6_DAC_IRQHandler                      0x08003a5f   Thumb Code     0  startup_stm32f4xx.o(.text)
    TIM7_IRQHandler                          0x08003a5f   Thumb Code     0  startup_stm32f4xx.o(.text)
    TIM8_BRK_TIM12_IRQHandler                0x08003a5f   Thumb Code     0  startup_stm32f4xx.o(.text)
    TIM8_CC_IRQHandler                       0x08003a5f   Thumb Code     0  startup_stm32f4xx.o(.text)
    TIM8_TRG_COM_TIM14_IRQHandler            0x08003a5f   Thumb Code     0  startup_stm32f4xx.o(.text)
    TIM8_UP_TIM13_IRQHandler                 0x08003a5f   Thumb Code     0  startup_stm32f4xx.o(.text)
    UART4_IRQHandler                         0x08003a5f   Thumb Code     0  startup_stm32f4xx.o(.text)
    UART5_IRQHandler                         0x08003a5f   Thumb Code     0  startup_stm32f4xx.o(.text)
    USART2_IRQHandler                        0x08003a5f   Thumb Code     0  startup_stm32f4xx.o(.text)
    USART3_IRQHandler                        0x08003a5f   Thumb Code     0  startup_stm32f4xx.o(.text)
    USART6_IRQHandler                        0x08003a5f   Thumb Code     0  startup_stm32f4xx.o(.text)
    WWDG_IRQHandler                          0x08003a5f   Thumb Code     0  startup_stm32f4xx.o(.text)
    __user_initial_stackheap                 0x08003a61   Thumb Code     0  startup_stm32f4xx.o(.text)
    NVIC_PriorityGroupConfig                 0x08003a85   Thumb Code    10  misc.o(.text)
    NVIC_Init                                0x08003a8f   Thumb Code    96  misc.o(.text)
    NVIC_SetVectorTable                      0x08003aef   Thumb Code    14  misc.o(.text)
    NVIC_SystemLPConfig                      0x08003afd   Thumb Code    20  misc.o(.text)
    SysTick_CLKSourceConfig                  0x08003b11   Thumb Code    24  misc.o(.text)
    FSMC_NORSRAMDeInit                       0x08003b35   Thumb Code    38  stm32f4xx_fsmc.o(.text)
    FSMC_NORSRAMInit                         0x08003b5b   Thumb Code   200  stm32f4xx_fsmc.o(.text)
    FSMC_NORSRAMStructInit                   0x08003c23   Thumb Code    98  stm32f4xx_fsmc.o(.text)
    FSMC_NORSRAMCmd                          0x08003c85   Thumb Code    26  stm32f4xx_fsmc.o(.text)
    FSMC_NANDDeInit                          0x08003c9f   Thumb Code    40  stm32f4xx_fsmc.o(.text)
    FSMC_NANDInit                            0x08003cc7   Thumb Code   104  stm32f4xx_fsmc.o(.text)
    FSMC_NANDStructInit                      0x08003d2f   Thumb Code    54  stm32f4xx_fsmc.o(.text)
    FSMC_NANDCmd                             0x08003d65   Thumb Code    54  stm32f4xx_fsmc.o(.text)
    FSMC_NANDECCCmd                          0x08003d9b   Thumb Code    54  stm32f4xx_fsmc.o(.text)
    FSMC_GetECC                              0x08003dd1   Thumb Code    18  stm32f4xx_fsmc.o(.text)
    FSMC_PCCARDDeInit                        0x08003de3   Thumb Code    26  stm32f4xx_fsmc.o(.text)
    FSMC_PCCARDInit                          0x08003dfd   Thumb Code   102  stm32f4xx_fsmc.o(.text)
    FSMC_PCCARDStructInit                    0x08003e63   Thumb Code    60  stm32f4xx_fsmc.o(.text)
    FSMC_PCCARDCmd                           0x08003e9f   Thumb Code    28  stm32f4xx_fsmc.o(.text)
    FSMC_ITConfig                            0x08003ebb   Thumb Code    72  stm32f4xx_fsmc.o(.text)
    FSMC_GetFlagStatus                       0x08003f03   Thumb Code    40  stm32f4xx_fsmc.o(.text)
    FSMC_ClearFlag                           0x08003f2b   Thumb Code    38  stm32f4xx_fsmc.o(.text)
    FSMC_GetITStatus                         0x08003f51   Thumb Code    48  stm32f4xx_fsmc.o(.text)
    FSMC_ClearITPendingBit                   0x08003f81   Thumb Code    42  stm32f4xx_fsmc.o(.text)
    GPIO_DeInit                              0x08003fb1   Thumb Code   192  stm32f4xx_gpio.o(.text)
    GPIO_Init                                0x08004071   Thumb Code   120  stm32f4xx_gpio.o(.text)
    GPIO_StructInit                          0x080040e9   Thumb Code    18  stm32f4xx_gpio.o(.text)
    GPIO_PinLockConfig                       0x080040fb   Thumb Code    24  stm32f4xx_gpio.o(.text)
    GPIO_ReadInputDataBit                    0x08004113   Thumb Code    14  stm32f4xx_gpio.o(.text)
    GPIO_ReadInputData                       0x08004121   Thumb Code     6  stm32f4xx_gpio.o(.text)
    GPIO_ReadOutputDataBit                   0x08004127   Thumb Code    14  stm32f4xx_gpio.o(.text)
    GPIO_ReadOutputData                      0x08004135   Thumb Code     6  stm32f4xx_gpio.o(.text)
    GPIO_SetBits                             0x0800413b   Thumb Code     4  stm32f4xx_gpio.o(.text)
    GPIO_ResetBits                           0x0800413f   Thumb Code     4  stm32f4xx_gpio.o(.text)
    GPIO_WriteBit                            0x08004143   Thumb Code    10  stm32f4xx_gpio.o(.text)
    GPIO_Write                               0x0800414d   Thumb Code     4  stm32f4xx_gpio.o(.text)
    GPIO_ToggleBits                          0x08004151   Thumb Code     8  stm32f4xx_gpio.o(.text)
    GPIO_PinAFConfig                         0x08004159   Thumb Code    32  stm32f4xx_gpio.o(.text)
    RCC_DeInit                               0x0800419d   Thumb Code    48  stm32f4xx_rcc.o(.text)
    RCC_HSEConfig                            0x080041cd   Thumb Code    12  stm32f4xx_rcc.o(.text)
    RCC_GetFlagStatus                        0x080041d9   Thumb Code    46  stm32f4xx_rcc.o(.text)
    RCC_WaitForHSEStartUp                    0x08004207   Thumb Code    44  stm32f4xx_rcc.o(.text)
    RCC_AdjustHSICalibrationValue            0x08004233   Thumb Code    16  stm32f4xx_rcc.o(.text)
    RCC_HSICmd                               0x08004243   Thumb Code     6  stm32f4xx_rcc.o(.text)
    RCC_LSEConfig                            0x08004249   Thumb Code    24  stm32f4xx_rcc.o(.text)
    RCC_LSICmd                               0x08004261   Thumb Code     6  stm32f4xx_rcc.o(.text)
    RCC_PLLConfig                            0x08004267   Thumb Code    32  stm32f4xx_rcc.o(.text)
    RCC_PLLCmd                               0x08004287   Thumb Code     6  stm32f4xx_rcc.o(.text)
    RCC_PLLI2SConfig                         0x0800428d   Thumb Code    14  stm32f4xx_rcc.o(.text)
    RCC_PLLI2SCmd                            0x0800429b   Thumb Code     6  stm32f4xx_rcc.o(.text)
    RCC_ClockSecuritySystemCmd               0x080042a1   Thumb Code     6  stm32f4xx_rcc.o(.text)
    RCC_MCO1Config                           0x080042a7   Thumb Code    18  stm32f4xx_rcc.o(.text)
    RCC_MCO2Config                           0x080042b9   Thumb Code    18  stm32f4xx_rcc.o(.text)
    RCC_SYSCLKConfig                         0x080042cb   Thumb Code    16  stm32f4xx_rcc.o(.text)
    RCC_GetSYSCLKSource                      0x080042db   Thumb Code    12  stm32f4xx_rcc.o(.text)
    RCC_HCLKConfig                           0x080042e7   Thumb Code    16  stm32f4xx_rcc.o(.text)
    RCC_PCLK1Config                          0x080042f7   Thumb Code    16  stm32f4xx_rcc.o(.text)
    RCC_PCLK2Config                          0x08004307   Thumb Code    18  stm32f4xx_rcc.o(.text)
    RCC_GetClocksFreq                        0x08004319   Thumb Code   134  stm32f4xx_rcc.o(.text)
    RCC_RTCCLKConfig                         0x0800439f   Thumb Code    42  stm32f4xx_rcc.o(.text)
    RCC_RTCCLKCmd                            0x080043c9   Thumb Code     8  stm32f4xx_rcc.o(.text)
    RCC_BackupResetCmd                       0x080043d1   Thumb Code     8  stm32f4xx_rcc.o(.text)
    RCC_I2SCLKConfig                         0x080043d9   Thumb Code     8  stm32f4xx_rcc.o(.text)
    RCC_AHB1PeriphClockCmd                   0x080043e1   Thumb Code    20  stm32f4xx_rcc.o(.text)
    RCC_AHB2PeriphClockCmd                   0x080043f5   Thumb Code    20  stm32f4xx_rcc.o(.text)
    RCC_AHB3PeriphClockCmd                   0x08004409   Thumb Code    20  stm32f4xx_rcc.o(.text)
    RCC_APB1PeriphClockCmd                   0x0800441d   Thumb Code    20  stm32f4xx_rcc.o(.text)
    RCC_APB2PeriphClockCmd                   0x08004431   Thumb Code    20  stm32f4xx_rcc.o(.text)
    RCC_AHB1PeriphResetCmd                   0x08004445   Thumb Code    20  stm32f4xx_rcc.o(.text)
    RCC_AHB2PeriphResetCmd                   0x08004459   Thumb Code    20  stm32f4xx_rcc.o(.text)
    RCC_AHB3PeriphResetCmd                   0x0800446d   Thumb Code    20  stm32f4xx_rcc.o(.text)
    RCC_APB1PeriphResetCmd                   0x08004481   Thumb Code    20  stm32f4xx_rcc.o(.text)
    RCC_APB2PeriphResetCmd                   0x08004495   Thumb Code    20  stm32f4xx_rcc.o(.text)
    RCC_AHB1PeriphClockLPModeCmd             0x080044a9   Thumb Code    20  stm32f4xx_rcc.o(.text)
    RCC_AHB2PeriphClockLPModeCmd             0x080044bd   Thumb Code    20  stm32f4xx_rcc.o(.text)
    RCC_AHB3PeriphClockLPModeCmd             0x080044d1   Thumb Code    20  stm32f4xx_rcc.o(.text)
    RCC_APB1PeriphClockLPModeCmd             0x080044e5   Thumb Code    20  stm32f4xx_rcc.o(.text)
    RCC_APB2PeriphClockLPModeCmd             0x080044f9   Thumb Code    20  stm32f4xx_rcc.o(.text)
    RCC_ITConfig                             0x0800450d   Thumb Code    20  stm32f4xx_rcc.o(.text)
    RCC_ClearFlag                            0x08004521   Thumb Code    14  stm32f4xx_rcc.o(.text)
    RCC_GetITStatus                          0x0800452f   Thumb Code    18  stm32f4xx_rcc.o(.text)
    RCC_ClearITPendingBit                    0x08004541   Thumb Code     8  stm32f4xx_rcc.o(.text)
    USART_DeInit                             0x0800456d   Thumb Code   114  stm32f4xx_usart.o(.text)
    USART_Init                               0x080045df   Thumb Code   164  stm32f4xx_usart.o(.text)
    USART_StructInit                         0x08004683   Thumb Code    22  stm32f4xx_usart.o(.text)
    USART_ClockInit                          0x08004699   Thumb Code    28  stm32f4xx_usart.o(.text)
    USART_ClockStructInit                    0x080046b5   Thumb Code    12  stm32f4xx_usart.o(.text)
    USART_Cmd                                0x080046c1   Thumb Code    20  stm32f4xx_usart.o(.text)
    USART_SetPrescaler                       0x080046d5   Thumb Code    16  stm32f4xx_usart.o(.text)
    USART_OverSampling8Cmd                   0x080046e5   Thumb Code    20  stm32f4xx_usart.o(.text)
    USART_OneBitMethodCmd                    0x080046f9   Thumb Code    20  stm32f4xx_usart.o(.text)
    USART_SendData                           0x0800470d   Thumb Code     8  stm32f4xx_usart.o(.text)
    USART_ReceiveData                        0x08004715   Thumb Code     8  stm32f4xx_usart.o(.text)
    USART_SetAddress                         0x0800471d   Thumb Code    16  stm32f4xx_usart.o(.text)
    USART_ReceiverWakeUpCmd                  0x0800472d   Thumb Code    20  stm32f4xx_usart.o(.text)
    USART_WakeUpConfig                       0x08004741   Thumb Code    16  stm32f4xx_usart.o(.text)
    USART_LINBreakDetectLengthConfig         0x08004751   Thumb Code    16  stm32f4xx_usart.o(.text)
    USART_LINCmd                             0x08004761   Thumb Code    20  stm32f4xx_usart.o(.text)
    USART_SendBreak                          0x08004775   Thumb Code    10  stm32f4xx_usart.o(.text)
    USART_HalfDuplexCmd                      0x0800477f   Thumb Code    20  stm32f4xx_usart.o(.text)
    USART_SetGuardTime                       0x08004793   Thumb Code    16  stm32f4xx_usart.o(.text)
    USART_SmartCardCmd                       0x080047a3   Thumb Code    20  stm32f4xx_usart.o(.text)
    USART_SmartCardNACKCmd                   0x080047b7   Thumb Code    20  stm32f4xx_usart.o(.text)
    USART_IrDAConfig                         0x080047cb   Thumb Code    16  stm32f4xx_usart.o(.text)
    USART_IrDACmd                            0x080047db   Thumb Code    20  stm32f4xx_usart.o(.text)
    USART_DMACmd                             0x080047ef   Thumb Code    16  stm32f4xx_usart.o(.text)
    USART_ITConfig                           0x080047ff   Thumb Code    48  stm32f4xx_usart.o(.text)
    USART_GetFlagStatus                      0x0800482f   Thumb Code    14  stm32f4xx_usart.o(.text)
    USART_ClearFlag                          0x0800483d   Thumb Code     6  stm32f4xx_usart.o(.text)
    USART_GetITStatus                        0x08004843   Thumb Code    62  stm32f4xx_usart.o(.text)
    USART_ClearITPendingBit                  0x08004881   Thumb Code    12  stm32f4xx_usart.o(.text)
    SYSCFG_DeInit                            0x080048a5   Thumb Code    24  stm32f4xx_syscfg.o(.text)
    SYSCFG_MemoryRemapConfig                 0x080048bd   Thumb Code     6  stm32f4xx_syscfg.o(.text)
    SYSCFG_EXTILineConfig                    0x080048c3   Thumb Code    42  stm32f4xx_syscfg.o(.text)
    SYSCFG_ETH_MediaInterfaceConfig          0x080048ed   Thumb Code     8  stm32f4xx_syscfg.o(.text)
    SYSCFG_CompensationCellCmd               0x080048f5   Thumb Code     6  stm32f4xx_syscfg.o(.text)
    SYSCFG_GetCompensationCellStatus         0x080048fb   Thumb Code    16  stm32f4xx_syscfg.o(.text)
    TIM_DeInit                               0x0800491d   Thumb Code   284  stm32f4xx_tim.o(.text)
    TIM_TimeBaseInit                         0x08004a39   Thumb Code    96  stm32f4xx_tim.o(.text)
    TIM_TimeBaseStructInit                   0x08004a99   Thumb Code    18  stm32f4xx_tim.o(.text)
    TIM_PrescalerConfig                      0x08004aab   Thumb Code     6  stm32f4xx_tim.o(.text)
    TIM_CounterModeConfig                    0x08004ab1   Thumb Code    12  stm32f4xx_tim.o(.text)
    TIM_SetCounter                           0x08004abd   Thumb Code     4  stm32f4xx_tim.o(.text)
    TIM_SetAutoreload                        0x08004ac1   Thumb Code     4  stm32f4xx_tim.o(.text)
    TIM_GetCounter                           0x08004ac5   Thumb Code     4  stm32f4xx_tim.o(.text)
    TIM_GetPrescaler                         0x08004ac9   Thumb Code     4  stm32f4xx_tim.o(.text)
    TIM_UpdateDisableConfig                  0x08004acd   Thumb Code    20  stm32f4xx_tim.o(.text)
    TIM_UpdateRequestConfig                  0x08004ae1   Thumb Code    20  stm32f4xx_tim.o(.text)
    TIM_ARRPreloadConfig                     0x08004af5   Thumb Code    20  stm32f4xx_tim.o(.text)
    TIM_SelectOnePulseMode                   0x08004b09   Thumb Code    16  stm32f4xx_tim.o(.text)
    TIM_SetClockDivision                     0x08004b19   Thumb Code    16  stm32f4xx_tim.o(.text)
    TIM_Cmd                                  0x08004b29   Thumb Code    20  stm32f4xx_tim.o(.text)
    TIM_OC1Init                              0x08004b3d   Thumb Code    88  stm32f4xx_tim.o(.text)
    TIM_OC2Init                              0x08004b95   Thumb Code   120  stm32f4xx_tim.o(.text)
    TIM_OC3Init                              0x08004c0d   Thumb Code   116  stm32f4xx_tim.o(.text)
    TIM_OC4Init                              0x08004c81   Thumb Code    88  stm32f4xx_tim.o(.text)
    TIM_OCStructInit                         0x08004cd9   Thumb Code    20  stm32f4xx_tim.o(.text)
    TIM_SelectOCxM                           0x08004ced   Thumb Code   130  stm32f4xx_tim.o(.text)
    TIM_SetCompare1                          0x08004d6f   Thumb Code     4  stm32f4xx_tim.o(.text)
    TIM_SetCompare2                          0x08004d73   Thumb Code     4  stm32f4xx_tim.o(.text)
    TIM_SetCompare3                          0x08004d77   Thumb Code     4  stm32f4xx_tim.o(.text)
    TIM_SetCompare4                          0x08004d7b   Thumb Code     4  stm32f4xx_tim.o(.text)
    TIM_ForcedOC1Config                      0x08004d7f   Thumb Code    12  stm32f4xx_tim.o(.text)
    TIM_ForcedOC2Config                      0x08004d8b   Thumb Code    20  stm32f4xx_tim.o(.text)
    TIM_ForcedOC3Config                      0x08004d9f   Thumb Code    12  stm32f4xx_tim.o(.text)
    TIM_ForcedOC4Config                      0x08004dab   Thumb Code    20  stm32f4xx_tim.o(.text)
    TIM_OC1PreloadConfig                     0x08004dbf   Thumb Code    12  stm32f4xx_tim.o(.text)
    TIM_OC2PreloadConfig                     0x08004dcb   Thumb Code    20  stm32f4xx_tim.o(.text)
    TIM_OC3PreloadConfig                     0x08004ddf   Thumb Code    12  stm32f4xx_tim.o(.text)
    TIM_OC4PreloadConfig                     0x08004deb   Thumb Code    20  stm32f4xx_tim.o(.text)
    TIM_OC1FastConfig                        0x08004dff   Thumb Code    12  stm32f4xx_tim.o(.text)
    TIM_OC2FastConfig                        0x08004e0b   Thumb Code    20  stm32f4xx_tim.o(.text)
    TIM_OC3FastConfig                        0x08004e1f   Thumb Code    12  stm32f4xx_tim.o(.text)
    TIM_OC4FastConfig                        0x08004e2b   Thumb Code    20  stm32f4xx_tim.o(.text)
    TIM_ClearOC1Ref                          0x08004e3f   Thumb Code    12  stm32f4xx_tim.o(.text)
    TIM_ClearOC2Ref                          0x08004e4b   Thumb Code    20  stm32f4xx_tim.o(.text)
    TIM_ClearOC3Ref                          0x08004e5f   Thumb Code    12  stm32f4xx_tim.o(.text)
    TIM_ClearOC4Ref                          0x08004e6b   Thumb Code    20  stm32f4xx_tim.o(.text)
    TIM_OC1PolarityConfig                    0x08004e7f   Thumb Code    12  stm32f4xx_tim.o(.text)
    TIM_OC1NPolarityConfig                   0x08004e8b   Thumb Code    12  stm32f4xx_tim.o(.text)
    TIM_OC2PolarityConfig                    0x08004e97   Thumb Code    20  stm32f4xx_tim.o(.text)
    TIM_OC2NPolarityConfig                   0x08004eab   Thumb Code    20  stm32f4xx_tim.o(.text)
    TIM_OC3PolarityConfig                    0x08004ebf   Thumb Code    20  stm32f4xx_tim.o(.text)
    TIM_OC3NPolarityConfig                   0x08004ed3   Thumb Code    20  stm32f4xx_tim.o(.text)
    TIM_OC4PolarityConfig                    0x08004ee7   Thumb Code    20  stm32f4xx_tim.o(.text)
    TIM_CCxCmd                               0x08004efb   Thumb Code    22  stm32f4xx_tim.o(.text)
    TIM_CCxNCmd                              0x08004f11   Thumb Code    22  stm32f4xx_tim.o(.text)
    TIM_SetIC4Prescaler                      0x08004f27   Thumb Code    24  stm32f4xx_tim.o(.text)
    TIM_SetIC3Prescaler                      0x08004f3f   Thumb Code    16  stm32f4xx_tim.o(.text)
    TIM_SetIC2Prescaler                      0x08004f4f   Thumb Code    24  stm32f4xx_tim.o(.text)
    TIM_SetIC1Prescaler                      0x08004f9d   Thumb Code    16  stm32f4xx_tim.o(.text)
    TIM_ICInit                               0x08004fad   Thumb Code   164  stm32f4xx_tim.o(.text)
    TIM_ICStructInit                         0x08005051   Thumb Code    16  stm32f4xx_tim.o(.text)
    TIM_PWMIConfig                           0x08005061   Thumb Code   104  stm32f4xx_tim.o(.text)
    TIM_GetCapture1                          0x080050c9   Thumb Code     4  stm32f4xx_tim.o(.text)
    TIM_GetCapture2                          0x080050cd   Thumb Code     4  stm32f4xx_tim.o(.text)
    TIM_GetCapture3                          0x080050d1   Thumb Code     4  stm32f4xx_tim.o(.text)
    TIM_GetCapture4                          0x080050d5   Thumb Code     4  stm32f4xx_tim.o(.text)
    TIM_BDTRConfig                           0x080050d9   Thumb Code    34  stm32f4xx_tim.o(.text)
    TIM_BDTRStructInit                       0x080050fb   Thumb Code    18  stm32f4xx_tim.o(.text)
    TIM_CtrlPWMOutputs                       0x0800510d   Thumb Code    22  stm32f4xx_tim.o(.text)
    TIM_SelectCOM                            0x08005123   Thumb Code    20  stm32f4xx_tim.o(.text)
    TIM_CCPreloadControl                     0x08005137   Thumb Code    20  stm32f4xx_tim.o(.text)
    TIM_ITConfig                             0x0800514b   Thumb Code    16  stm32f4xx_tim.o(.text)
    TIM_GenerateEvent                        0x0800515b   Thumb Code     4  stm32f4xx_tim.o(.text)
    TIM_GetFlagStatus                        0x0800515f   Thumb Code    14  stm32f4xx_tim.o(.text)
    TIM_ClearFlag                            0x0800516d   Thumb Code     6  stm32f4xx_tim.o(.text)
    TIM_GetITStatus                          0x08005173   Thumb Code    24  stm32f4xx_tim.o(.text)
    TIM_ClearITPendingBit                    0x0800518b   Thumb Code     6  stm32f4xx_tim.o(.text)
    TIM_DMAConfig                            0x08005191   Thumb Code     8  stm32f4xx_tim.o(.text)
    TIM_DMACmd                               0x08005199   Thumb Code    16  stm32f4xx_tim.o(.text)
    TIM_SelectCCDMA                          0x080051a9   Thumb Code    20  stm32f4xx_tim.o(.text)
    TIM_InternalClockConfig                  0x080051bd   Thumb Code    10  stm32f4xx_tim.o(.text)
    TIM_SelectInputTrigger                   0x080051c7   Thumb Code    12  stm32f4xx_tim.o(.text)
    TIM_ITRxExternalClockConfig              0x080051d3   Thumb Code    18  stm32f4xx_tim.o(.text)
    TIM_TIxExternalClockConfig               0x080051e5   Thumb Code    46  stm32f4xx_tim.o(.text)
    TIM_ETRConfig                            0x08005213   Thumb Code    24  stm32f4xx_tim.o(.text)
    TIM_ETRClockMode1Config                  0x0800522b   Thumb Code    18  stm32f4xx_tim.o(.text)
    TIM_ETRClockMode2Config                  0x0800523d   Thumb Code    18  stm32f4xx_tim.o(.text)
    TIM_SelectOutputTrigger                  0x0800524f   Thumb Code    16  stm32f4xx_tim.o(.text)
    TIM_SelectSlaveMode                      0x0800525f   Thumb Code    16  stm32f4xx_tim.o(.text)
    TIM_SelectMasterSlaveMode                0x0800526f   Thumb Code    16  stm32f4xx_tim.o(.text)
    TIM_EncoderInterfaceConfig               0x0800527f   Thumb Code    50  stm32f4xx_tim.o(.text)
    TIM_SelectHallSensor                     0x080052b1   Thumb Code    20  stm32f4xx_tim.o(.text)
    TIM_RemapConfig                          0x080052c5   Thumb Code     6  stm32f4xx_tim.o(.text)
    SPI_I2S_DeInit                           0x080052f9   Thumb Code    72  stm32f4xx_spi.o(.text)
    SPI_Init                                 0x08005341   Thumb Code    56  stm32f4xx_spi.o(.text)
    I2S_Init                                 0x08005379   Thumb Code   188  stm32f4xx_spi.o(.text)
    SPI_StructInit                           0x08005435   Thumb Code    24  stm32f4xx_spi.o(.text)
    I2S_StructInit                           0x0800544d   Thumb Code    18  stm32f4xx_spi.o(.text)
    SPI_Cmd                                  0x0800545f   Thumb Code    20  stm32f4xx_spi.o(.text)
    I2S_Cmd                                  0x08005473   Thumb Code    20  stm32f4xx_spi.o(.text)
    SPI_DataSizeConfig                       0x08005487   Thumb Code    16  stm32f4xx_spi.o(.text)
    SPI_BiDirectionalLineConfig              0x08005497   Thumb Code    22  stm32f4xx_spi.o(.text)
    SPI_NSSInternalSoftwareConfig            0x080054ad   Thumb Code    24  stm32f4xx_spi.o(.text)
    SPI_SSOutputCmd                          0x080054c5   Thumb Code    20  stm32f4xx_spi.o(.text)
    SPI_TIModeCmd                            0x080054d9   Thumb Code    20  stm32f4xx_spi.o(.text)
    I2S_FullDuplexConfig                     0x080054ed   Thumb Code    58  stm32f4xx_spi.o(.text)
    SPI_I2S_ReceiveData                      0x08005527   Thumb Code     4  stm32f4xx_spi.o(.text)
    SPI_I2S_SendData                         0x0800552b   Thumb Code     4  stm32f4xx_spi.o(.text)
    SPI_CalculateCRC                         0x0800552f   Thumb Code    20  stm32f4xx_spi.o(.text)
    SPI_TransmitCRC                          0x08005543   Thumb Code    10  stm32f4xx_spi.o(.text)
    SPI_GetCRC                               0x0800554d   Thumb Code    12  stm32f4xx_spi.o(.text)
    SPI_GetCRCPolynomial                     0x08005559   Thumb Code     4  stm32f4xx_spi.o(.text)
    SPI_I2S_DMACmd                           0x0800555d   Thumb Code    16  stm32f4xx_spi.o(.text)
    SPI_I2S_ITConfig                         0x0800556d   Thumb Code    24  stm32f4xx_spi.o(.text)
    SPI_I2S_GetFlagStatus                    0x08005585   Thumb Code    14  stm32f4xx_spi.o(.text)
    SPI_I2S_ClearFlag                        0x08005593   Thumb Code     6  stm32f4xx_spi.o(.text)
    SPI_I2S_GetITStatus                      0x08005599   Thumb Code    44  stm32f4xx_spi.o(.text)
    SPI_I2S_ClearITPendingBit                0x080055c5   Thumb Code    14  stm32f4xx_spi.o(.text)
    EXTI_DeInit                              0x080055e9   Thumb Code    28  stm32f4xx_exti.o(.text)
    EXTI_Init                                0x08005605   Thumb Code   108  stm32f4xx_exti.o(.text)
    EXTI_StructInit                          0x08005671   Thumb Code    14  stm32f4xx_exti.o(.text)
    EXTI_GenerateSWInterrupt                 0x0800567f   Thumb Code    12  stm32f4xx_exti.o(.text)
    EXTI_GetFlagStatus                       0x0800568b   Thumb Code    18  stm32f4xx_exti.o(.text)
    EXTI_ClearFlag                           0x0800569d   Thumb Code     8  stm32f4xx_exti.o(.text)
    EXTI_GetITStatus                         0x080056a5   Thumb Code    28  stm32f4xx_exti.o(.text)
    EXTI_ClearITPendingBit                   0x080056c1   Thumb Code     8  stm32f4xx_exti.o(.text)
    SystemInit                               0x08005773   Thumb Code    74  system_stm32f4xx.o(.text)
    SystemCoreClockUpdate                    0x080057bd   Thumb Code   108  system_stm32f4xx.o(.text)
    delay_init                               0x0800584d   Thumb Code    38  delay.o(.text)
    delay_us                                 0x08005873   Thumb Code    46  delay.o(.text)
    delay_xms                                0x080058a1   Thumb Code    46  delay.o(.text)
    delay_ms                                 0x080058cf   Thumb Code    50  delay.o(.text)
    _sys_exit                                0x08005905   Thumb Code     2  usart.o(.text)
    fputc                                    0x08005907   Thumb Code    14  usart.o(.text)
    uart_init                                0x08005915   Thumb Code   164  usart.o(.text)
    USART1_IRQHandler                        0x080059b9   Thumb Code    88  usart.o(.text)
    arm_cmplx_mag_f32                        0x08005a21   Thumb Code   236  arm_cmplx_mag_f32.o(.text)
    arm_radix4_butterfly_f32                 0x08005b11   Thumb Code   800  arm_cfft_radix4_f32.o(.text)
    arm_radix4_butterfly_inverse_f32         0x08005e31   Thumb Code   836  arm_cfft_radix4_f32.o(.text)
    arm_cfft_radix4_f32                      0x08006175   Thumb Code    60  arm_cfft_radix4_f32.o(.text)
    arm_cfft_radix4_init_f32                 0x080061b1   Thumb Code   146  arm_cfft_radix4_init_f32.o(.text)
    arm_bitreversal_f32                      0x08006271   Thumb Code   178  arm_bitreversal.o(.text)
    arm_bitreversal_q31                      0x08006323   Thumb Code   180  arm_bitreversal.o(.text)
    arm_bitreversal_q15                      0x080063d7   Thumb Code   128  arm_bitreversal.o(.text)
    __use_no_semihosting                     0x08006457   Thumb Code     2  use_no_semi_2.o(.text)
    __2sprintf                               0x08006459   Thumb Code    34  noretval__2sprintf.o(.text)
    _printf_pre_padding                      0x08006481   Thumb Code    44  _printf_pad.o(.text)
    _printf_post_padding                     0x080064ad   Thumb Code    34  _printf_pad.o(.text)
    _printf_int_hex                          0x080064d1   Thumb Code    84  _printf_hex_int.o(.text)
    _printf_longlong_hex                     0x080064d1   Thumb Code     0  _printf_hex_int.o(.text)
    __printf                                 0x08006529   Thumb Code   308  __printf_flags_wp.o(.text)
    __aeabi_memcpy                           0x08006661   Thumb Code     0  rt_memcpy_v6.o(.text)
    __rt_memcpy                              0x08006661   Thumb Code   138  rt_memcpy_v6.o(.text)
    _memcpy_lastbytes                        0x080066c7   Thumb Code     0  rt_memcpy_v6.o(.text)
    __use_two_region_memory                  0x080066eb   Thumb Code     2  heapauxi.o(.text)
    __rt_heap_escrow$2region                 0x080066ed   Thumb Code     2  heapauxi.o(.text)
    __rt_heap_expand$2region                 0x080066ef   Thumb Code     2  heapauxi.o(.text)
    __I$use$semihosting                      0x080066f1   Thumb Code     0  use_no_semi.o(.text)
    __use_no_semihosting_swi                 0x080066f1   Thumb Code     2  use_no_semi.o(.text)
    __read_errno                             0x080066f3   Thumb Code    10  _rserrno.o(.text)
    __set_errno                              0x080066fd   Thumb Code    12  _rserrno.o(.text)
    _printf_int_common                       0x08006709   Thumb Code   178  _printf_intcommon.o(.text)
    __lib_sel_fp_printf                      0x080067bb   Thumb Code     2  _printf_fp_dec.o(.text)
    _printf_fp_dec_real                      0x0800696d   Thumb Code   620  _printf_fp_dec.o(.text)
    _printf_char_common                      0x08006be3   Thumb Code    32  _printf_char_common.o(.text)
    _sputc                                   0x08006c09   Thumb Code    10  _sputc.o(.text)
    __aeabi_memcpy4                          0x08006c13   Thumb Code     0  rt_memcpy_w.o(.text)
    __aeabi_memcpy8                          0x08006c13   Thumb Code     0  rt_memcpy_w.o(.text)
    __rt_memcpy_w                            0x08006c13   Thumb Code   100  rt_memcpy_w.o(.text)
    _memcpy_lastbytes_aligned                0x08006c5b   Thumb Code     0  rt_memcpy_w.o(.text)
    __rt_locale                              0x08006c79   Thumb Code     8  rt_locale_intlibspace.o(.text)
    __aeabi_errno_addr                       0x08006c81   Thumb Code     8  rt_errno_addr_intlibspace.o(.text)
    __errno$intlibspace                      0x08006c81   Thumb Code     0  rt_errno_addr_intlibspace.o(.text)
    __rt_errno_addr$intlibspace              0x08006c81   Thumb Code     0  rt_errno_addr_intlibspace.o(.text)
    _ll_udiv10                               0x08006c89   Thumb Code   138  lludiv10.o(.text)
    _printf_fp_infnan                        0x08006d15   Thumb Code   112  _printf_fp_infnan.o(.text)
    _btod_etento                             0x08006d95   Thumb Code   224  bigflt0.o(.text)
    __user_libspace                          0x08006e79   Thumb Code     8  libspace.o(.text)
    __user_perproc_libspace                  0x08006e79   Thumb Code     0  libspace.o(.text)
    __user_perthread_libspace                0x08006e79   Thumb Code     0  libspace.o(.text)
    __user_setup_stackheap                   0x08006e81   Thumb Code    74  sys_stackheap_outer.o(.text)
    exit                                     0x08006ecb   Thumb Code    18  exit.o(.text)
    strcmp                                   0x08006edd   Thumb Code   128  strcmpv7m.o(.text)
    _btod_d2e                                0x08006f5d   Thumb Code    62  btod.o(CL$$btod_d2e)
    _d2e_denorm_low                          0x08006f9b   Thumb Code    70  btod.o(CL$$btod_d2e_denorm_low)
    _d2e_norm_op1                            0x08006fe1   Thumb Code    96  btod.o(CL$$btod_d2e_norm_op1)
    __btod_div_common                        0x08007041   Thumb Code   696  btod.o(CL$$btod_div_common)
    _e2e                                     0x08007379   Thumb Code   220  btod.o(CL$$btod_e2e)
    _btod_ediv                               0x08007455   Thumb Code    42  btod.o(CL$$btod_ediv)
    _btod_emul                               0x0800747f   Thumb Code    42  btod.o(CL$$btod_emul)
    __btod_mult_common                       0x080074a9   Thumb Code   580  btod.o(CL$$btod_mult_common)
    LCD_WriteReg                             0x080076ed   Thumb Code    12  lcd.o(i.LCD_WriteReg)
    __ARM_fpclassify                         0x080076fd   Thumb Code    48  fpclassify.o(i.__ARM_fpclassify)
    __hardfp_sqrt                            0x0800772d   Thumb Code   122  sqrt.o(i.__hardfp_sqrt)
    _is_digit                                0x080077a7   Thumb Code    14  __printf_wp.o(i._is_digit)
    _get_lc_numeric                          0x080077b5   Thumb Code    44  lc_numeric_c.o(locale$$code)
    __aeabi_d2f                              0x080077e1   Thumb Code     0  d2f.o(x$fpl$d2f)
    _d2f                                     0x080077e1   Thumb Code    98  d2f.o(x$fpl$d2f)
    __aeabi_dadd                             0x08007845   Thumb Code     0  daddsub_clz.o(x$fpl$dadd)
    _dadd                                    0x08007845   Thumb Code   332  daddsub_clz.o(x$fpl$dadd)
    __aeabi_ddiv                             0x08007995   Thumb Code     0  ddiv.o(x$fpl$ddiv)
    _ddiv                                    0x08007995   Thumb Code   552  ddiv.o(x$fpl$ddiv)
    __aeabi_d2iz                             0x08007c45   Thumb Code     0  dfix.o(x$fpl$dfix)
    _dfix                                    0x08007c45   Thumb Code    94  dfix.o(x$fpl$dfix)
    __aeabi_d2uiz                            0x08007ca5   Thumb Code     0  dfixu.o(x$fpl$dfixu)
    _dfixu                                   0x08007ca5   Thumb Code    90  dfixu.o(x$fpl$dfixu)
    __aeabi_i2d                              0x08007cff   Thumb Code     0  dflt_clz.o(x$fpl$dflt)
    _dflt                                    0x08007cff   Thumb Code    46  dflt_clz.o(x$fpl$dflt)
    __aeabi_ui2d                             0x08007d2d   Thumb Code     0  dflt_clz.o(x$fpl$dfltu)
    _dfltu                                   0x08007d2d   Thumb Code    38  dflt_clz.o(x$fpl$dfltu)
    __aeabi_dmul                             0x08007d55   Thumb Code     0  dmul.o(x$fpl$dmul)
    _dmul                                    0x08007d55   Thumb Code   332  dmul.o(x$fpl$dmul)
    __fpl_dnaninf                            0x08007ea9   Thumb Code   156  dnaninf.o(x$fpl$dnaninf)
    __fpl_dretinf                            0x08007f45   Thumb Code    12  dretinf.o(x$fpl$dretinf)
    _dsqrt                                   0x08007f51   Thumb Code   404  dsqrt_umaal.o(x$fpl$dsqrt)
    __aeabi_dsub                             0x080080e9   Thumb Code     0  daddsub_clz.o(x$fpl$dsub)
    _dsub                                    0x080080e9   Thumb Code   464  daddsub_clz.o(x$fpl$dsub)
    __aeabi_f2d                              0x080082bd   Thumb Code     0  f2d.o(x$fpl$f2d)
    _f2d                                     0x080082bd   Thumb Code    86  f2d.o(x$fpl$f2d)
    __fpl_fnaninf                            0x08008313   Thumb Code   140  fnaninf.o(x$fpl$fnaninf)
    _fp_init                                 0x0800839f   Thumb Code    10  fpinit.o(x$fpl$fpinit)
    __fplib_config_fpu_vfp                   0x080083a7   Thumb Code     0  fpinit.o(x$fpl$fpinit)
    __fplib_config_pureend_doubles           0x080083a7   Thumb Code     0  fpinit.o(x$fpl$fpinit)
    __fpl_fretinf                            0x080083a9   Thumb Code    10  fretinf.o(x$fpl$fretinf)
    __aeabi_d2lz                             0x080083b5   Thumb Code     0  dfixll.o(x$fpl$llsfromd)
    _ll_sfrom_d                              0x080083b5   Thumb Code   194  dfixll.o(x$fpl$llsfromd)
    _printf_fp_dec                           0x08008477   Thumb Code     4  printf1.o(x$fpl$printf1)
    AsciiLib                                 0x0800847a   Data        1520  asciilib.o(.constdata)
    __I$use$fp                               0x0800847a   Number         0  usenofp.o(x$fpl$usenofp)
    asc                                      0x08008a6a   Data        1520  lcd.o(.constdata)
    armBitRevTable                           0x0800905a   Data        2048  arm_common_tables.o(.constdata)
    twiddleCoef_4096                         0x0800985c   Data       32768  arm_common_tables.o(.constdata)
    Region$$Table$$Base                      0x0801192c   Number         0  anon$$obj.o(Region$$Table)
    Region$$Table$$Limit                     0x0801194c   Number         0  anon$$obj.o(Region$$Table)
    kk                                       0x20000000   Data           4  main.o(.data)
    xiebo                                    0x20000008   Data           4  main.o(.data)
    dc                                       0x2000000c   Data           4  main.o(.data)
    Volt                                     0x20000010   Data           4  main.o(.data)
    DeviceCode                               0x20000016   Data           2  lcd.o(.data)
    k                                        0x20000018   Data           2  tim.o(.data)
    DAT1                                     0x2000001a   Data           2  tim.o(.data)
    DAT2                                     0x2000001c   Data           2  tim.o(.data)
    DAT3                                     0x2000001e   Data           2  tim.o(.data)
    TIM5CH1_CAPTURE_STA_LOW                  0x20000020   Data           4  tim.o(.data)
    TIM5CH1_CAPTURE_STA_HIGH                 0x20000024   Data           4  tim.o(.data)
    TIM5CH1_CAPTURE_VAL_LOW                  0x20000028   Data           4  tim.o(.data)
    TIM5CH1_CAPTURE_VAL_HIGH                 0x2000002c   Data           4  tim.o(.data)
    temp                                     0x20000030   Data           8  tim.o(.data)
    totaltemp                                0x20000038   Data           8  tim.o(.data)
    tlow                                     0x20000040   Data           8  tim.o(.data)
    ftemp                                    0x20000048   Data           8  tim.o(.data)
    SystemCoreClock                          0x20000060   Data           4  system_stm32f4xx.o(.data)
    AHBPrescTable                            0x20000064   Data          16  system_stm32f4xx.o(.data)
    USART_RX_STA                             0x20000078   Data           2  usart.o(.data)
    fft_inputbuf                             0x2000007c   Data       32768  main.o(.bss)
    fft_outputbuf                            0x2000807c   Data       16384  main.o(.bss)
    adcd                                     0x2000c07c   Data       16384  main.o(.bss)
    strf                                     0x2001007c   Data          32  tim.o(.bss)
    TIM5_ICInitStructure                     0x2001009c   Data          10  tim.o(.bss)
    USART_RX_BUF                             0x200100a6   Data         200  usart.o(.bss)
    __libspace_start                         0x20010170   Data          96  libspace.o(.bss)
    __temporary_stack_top$libspace           0x200101d0   Data           0  libspace.o(.bss)



==============================================================================

Memory Map of the image

  Image Entry point : 0x08000189

  Load Region LR_IROM1 (Base: 0x08000000, Size: 0x000119e4, Max: 0x00100000, ABSOLUTE)

    Execution Region ER_IROM1 (Exec base: 0x08000000, Load base: 0x08000000, Size: 0x00011968, Max: 0x00100000, ABSOLUTE)

    Exec Addr    Load Addr    Size         Type   Attr      Idx    E Section Name        Object

    0x08000000   0x08000000   0x00000188   Data   RO          393    RESET               startup_stm32f4xx.o
    0x08000188   0x08000188   0x00000008   Code   RO          865  * !!!main             c_w.l(__main.o)
    0x08000190   0x08000190   0x00000034   Code   RO         1146    !!!scatter          c_w.l(__scatter.o)
    0x080001c4   0x080001c4   0x0000001a   Code   RO         1148    !!handler_copy      c_w.l(__scatter_copy.o)
    0x080001de   0x080001de   0x00000002   PAD
    0x080001e0   0x080001e0   0x0000001c   Code   RO         1150    !!handler_zi        c_w.l(__scatter_zi.o)
    0x080001fc   0x080001fc   0x00000000   Code   RO          860    .ARM.Collect$$_printf_percent$$00000000  c_w.l(_printf_percent.o)
    0x080001fc   0x080001fc   0x00000006   Code   RO          859    .ARM.Collect$$_printf_percent$$00000003  c_w.l(_printf_f.o)
    0x08000202   0x08000202   0x00000006   Code   RO          858    .ARM.Collect$$_printf_percent$$0000000C  c_w.l(_printf_x.o)
    0x08000208   0x08000208   0x00000004   Code   RO          928    .ARM.Collect$$_printf_percent$$00000017  c_w.l(_printf_percent_end.o)
    0x0800020c   0x0800020c   0x00000002   Code   RO         1023    .ARM.Collect$$libinit$$00000000  c_w.l(libinit.o)
    0x0800020e   0x0800020e   0x00000004   Code   RO         1024    .ARM.Collect$$libinit$$00000001  c_w.l(libinit2.o)
    0x08000212   0x08000212   0x00000000   Code   RO         1027    .ARM.Collect$$libinit$$00000004  c_w.l(libinit2.o)
    0x08000212   0x08000212   0x00000000   Code   RO         1030    .ARM.Collect$$libinit$$0000000A  c_w.l(libinit2.o)
    0x08000212   0x08000212   0x00000000   Code   RO         1032    .ARM.Collect$$libinit$$0000000C  c_w.l(libinit2.o)
    0x08000212   0x08000212   0x00000000   Code   RO         1034    .ARM.Collect$$libinit$$0000000E  c_w.l(libinit2.o)
    0x08000212   0x08000212   0x00000006   Code   RO         1035    .ARM.Collect$$libinit$$0000000F  c_w.l(libinit2.o)
    0x08000218   0x08000218   0x00000000   Code   RO         1037    .ARM.Collect$$libinit$$00000011  c_w.l(libinit2.o)
    0x08000218   0x08000218   0x00000000   Code   RO         1039    .ARM.Collect$$libinit$$00000013  c_w.l(libinit2.o)
    0x08000218   0x08000218   0x00000000   Code   RO         1041    .ARM.Collect$$libinit$$00000015  c_w.l(libinit2.o)
    0x08000218   0x08000218   0x0000000a   Code   RO         1042    .ARM.Collect$$libinit$$00000016  c_w.l(libinit2.o)
    0x08000222   0x08000222   0x00000000   Code   RO         1043    .ARM.Collect$$libinit$$00000017  c_w.l(libinit2.o)
    0x08000222   0x08000222   0x00000000   Code   RO         1045    .ARM.Collect$$libinit$$00000019  c_w.l(libinit2.o)
    0x08000222   0x08000222   0x00000000   Code   RO         1047    .ARM.Collect$$libinit$$0000001B  c_w.l(libinit2.o)
    0x08000222   0x08000222   0x00000000   Code   RO         1049    .ARM.Collect$$libinit$$0000001D  c_w.l(libinit2.o)
    0x08000222   0x08000222   0x00000000   Code   RO         1051    .ARM.Collect$$libinit$$0000001F  c_w.l(libinit2.o)
    0x08000222   0x08000222   0x00000000   Code   RO         1053    .ARM.Collect$$libinit$$00000021  c_w.l(libinit2.o)
    0x08000222   0x08000222   0x00000000   Code   RO         1055    .ARM.Collect$$libinit$$00000023  c_w.l(libinit2.o)
    0x08000222   0x08000222   0x00000000   Code   RO         1057    .ARM.Collect$$libinit$$00000025  c_w.l(libinit2.o)
    0x08000222   0x08000222   0x00000000   Code   RO         1061    .ARM.Collect$$libinit$$0000002C  c_w.l(libinit2.o)
    0x08000222   0x08000222   0x00000000   Code   RO         1063    .ARM.Collect$$libinit$$0000002E  c_w.l(libinit2.o)
    0x08000222   0x08000222   0x00000000   Code   RO         1065    .ARM.Collect$$libinit$$00000030  c_w.l(libinit2.o)
    0x08000222   0x08000222   0x00000000   Code   RO         1067    .ARM.Collect$$libinit$$00000032  c_w.l(libinit2.o)
    0x08000222   0x08000222   0x00000002   Code   RO         1068    .ARM.Collect$$libinit$$00000033  c_w.l(libinit2.o)
    0x08000224   0x08000224   0x00000002   Code   RO         1096    .ARM.Collect$$libshutdown$$00000000  c_w.l(libshutdown.o)
    0x08000226   0x08000226   0x00000000   Code   RO         1105    .ARM.Collect$$libshutdown$$00000002  c_w.l(libshutdown2.o)
    0x08000226   0x08000226   0x00000000   Code   RO         1107    .ARM.Collect$$libshutdown$$00000004  c_w.l(libshutdown2.o)
    0x08000226   0x08000226   0x00000000   Code   RO         1110    .ARM.Collect$$libshutdown$$00000007  c_w.l(libshutdown2.o)
    0x08000226   0x08000226   0x00000000   Code   RO         1113    .ARM.Collect$$libshutdown$$0000000A  c_w.l(libshutdown2.o)
    0x08000226   0x08000226   0x00000000   Code   RO         1115    .ARM.Collect$$libshutdown$$0000000C  c_w.l(libshutdown2.o)
    0x08000226   0x08000226   0x00000000   Code   RO         1118    .ARM.Collect$$libshutdown$$0000000F  c_w.l(libshutdown2.o)
    0x08000226   0x08000226   0x00000002   Code   RO         1119    .ARM.Collect$$libshutdown$$00000010  c_w.l(libshutdown2.o)
    0x08000228   0x08000228   0x00000000   Code   RO          917    .ARM.Collect$$rtentry$$00000000  c_w.l(__rtentry.o)
    0x08000228   0x08000228   0x00000000   Code   RO          945    .ARM.Collect$$rtentry$$00000002  c_w.l(__rtentry2.o)
    0x08000228   0x08000228   0x00000006   Code   RO          957    .ARM.Collect$$rtentry$$00000004  c_w.l(__rtentry4.o)
    0x0800022e   0x0800022e   0x00000000   Code   RO          947    .ARM.Collect$$rtentry$$00000009  c_w.l(__rtentry2.o)
    0x0800022e   0x0800022e   0x00000004   Code   RO          948    .ARM.Collect$$rtentry$$0000000A  c_w.l(__rtentry2.o)
    0x08000232   0x08000232   0x00000000   Code   RO          950    .ARM.Collect$$rtentry$$0000000C  c_w.l(__rtentry2.o)
    0x08000232   0x08000232   0x00000008   Code   RO          951    .ARM.Collect$$rtentry$$0000000D  c_w.l(__rtentry2.o)
    0x0800023a   0x0800023a   0x00000002   Code   RO         1069    .ARM.Collect$$rtexit$$00000000  c_w.l(rtexit.o)
    0x0800023c   0x0800023c   0x00000000   Code   RO         1076    .ARM.Collect$$rtexit$$00000002  c_w.l(rtexit2.o)
    0x0800023c   0x0800023c   0x00000004   Code   RO         1077    .ARM.Collect$$rtexit$$00000003  c_w.l(rtexit2.o)
    0x08000240   0x08000240   0x00000006   Code   RO         1078    .ARM.Collect$$rtexit$$00000004  c_w.l(rtexit2.o)
    0x08000246   0x08000246   0x00000002   PAD
    0x08000248   0x08000248   0x00001482   Code   RO            2    .text               main.o
    0x080016ca   0x080016ca   0x00000002   PAD
    0x080016cc   0x080016cc   0x00000014   Code   RO          181    .text               asciilib.o
    0x080016e0   0x080016e0   0x00001ba4   Code   RO          203    .text               lcd.o
    0x08003284   0x08003284   0x00000012   Code   RO          248    .text               stm32f4xx_it.o
    0x08003296   0x08003296   0x00000002   PAD
    0x08003298   0x08003298   0x00000040   Code   RO          267    .text               led.o
    0x080032d8   0x080032d8   0x000003cc   Code   RO          283    .text               tim.o
    0x080036a4   0x080036a4   0x000000a0   Code   RO          311    .text               ad7176z.o
    0x08003744   0x08003744   0x00000120   Code   RO          327    .text               ws_spi.o
    0x08003864   0x08003864   0x00000030   Code   RO          359    .text               key.o
    0x08003894   0x08003894   0x000001b0   Code   RO          375    .text               exti.o
    0x08003a44   0x08003a44   0x00000040   Code   RO          394    .text               startup_stm32f4xx.o
    0x08003a84   0x08003a84   0x000000b0   Code   RO          399    .text               misc.o
    0x08003b34   0x08003b34   0x0000047c   Code   RO          415    .text               stm32f4xx_fsmc.o
    0x08003fb0   0x08003fb0   0x000001ec   Code   RO          431    .text               stm32f4xx_gpio.o
    0x0800419c   0x0800419c   0x000003d0   Code   RO          447    .text               stm32f4xx_rcc.o
    0x0800456c   0x0800456c   0x00000338   Code   RO          465    .text               stm32f4xx_usart.o
    0x080048a4   0x080048a4   0x00000078   Code   RO          497    .text               stm32f4xx_syscfg.o
    0x0800491c   0x0800491c   0x000009dc   Code   RO          513    .text               stm32f4xx_tim.o
    0x080052f8   0x080052f8   0x000002f0   Code   RO          530    .text               stm32f4xx_spi.o
    0x080055e8   0x080055e8   0x000000e8   Code   RO          546    .text               stm32f4xx_exti.o
    0x080056d0   0x080056d0   0x0000017c   Code   RO          562    .text               system_stm32f4xx.o
    0x0800584c   0x0800584c   0x000000b8   Code   RO          584    .text               delay.o
    0x08005904   0x08005904   0x0000011c   Code   RO          618    .text               usart.o
    0x08005a20   0x08005a20   0x000000f0   Code   RO          647    .text               arm_cortexM4lf_math.lib(arm_cmplx_mag_f32.o)
    0x08005b10   0x08005b10   0x000006a0   Code   RO          692    .text               arm_cortexM4lf_math.lib(arm_cfft_radix4_f32.o)
    0x080061b0   0x080061b0   0x000000c0   Code   RO          712    .text               arm_cortexM4lf_math.lib(arm_cfft_radix4_init_f32.o)
    0x08006270   0x08006270   0x000001e6   Code   RO          736    .text               arm_cortexM4lf_math.lib(arm_bitreversal.o)
    0x08006456   0x08006456   0x00000002   Code   RO          807    .text               c_w.l(use_no_semi_2.o)
    0x08006458   0x08006458   0x00000028   Code   RO          811    .text               c_w.l(noretval__2sprintf.o)
    0x08006480   0x08006480   0x0000004e   Code   RO          815    .text               c_w.l(_printf_pad.o)
    0x080064ce   0x080064ce   0x00000002   PAD
    0x080064d0   0x080064d0   0x00000058   Code   RO          820    .text               c_w.l(_printf_hex_int.o)
    0x08006528   0x08006528   0x00000138   Code   RO          850    .text               c_w.l(__printf_flags_wp.o)
    0x08006660   0x08006660   0x0000008a   Code   RO          861    .text               c_w.l(rt_memcpy_v6.o)
    0x080066ea   0x080066ea   0x00000006   Code   RO          863    .text               c_w.l(heapauxi.o)
    0x080066f0   0x080066f0   0x00000002   Code   RO          915    .text               c_w.l(use_no_semi.o)
    0x080066f2   0x080066f2   0x00000016   Code   RO          918    .text               c_w.l(_rserrno.o)
    0x08006708   0x08006708   0x000000b2   Code   RO          920    .text               c_w.l(_printf_intcommon.o)
    0x080067ba   0x080067ba   0x0000041e   Code   RO          922    .text               c_w.l(_printf_fp_dec.o)
    0x08006bd8   0x08006bd8   0x00000030   Code   RO          924    .text               c_w.l(_printf_char_common.o)
    0x08006c08   0x08006c08   0x0000000a   Code   RO          926    .text               c_w.l(_sputc.o)
    0x08006c12   0x08006c12   0x00000064   Code   RO          929    .text               c_w.l(rt_memcpy_w.o)
    0x08006c76   0x08006c76   0x00000002   PAD
    0x08006c78   0x08006c78   0x00000008   Code   RO          962    .text               c_w.l(rt_locale_intlibspace.o)
    0x08006c80   0x08006c80   0x00000008   Code   RO          967    .text               c_w.l(rt_errno_addr_intlibspace.o)
    0x08006c88   0x08006c88   0x0000008a   Code   RO          969    .text               c_w.l(lludiv10.o)
    0x08006d12   0x08006d12   0x00000002   PAD
    0x08006d14   0x08006d14   0x00000080   Code   RO          971    .text               c_w.l(_printf_fp_infnan.o)
    0x08006d94   0x08006d94   0x000000e4   Code   RO          975    .text               c_w.l(bigflt0.o)
    0x08006e78   0x08006e78   0x00000008   Code   RO         1009    .text               c_w.l(libspace.o)
    0x08006e80   0x08006e80   0x0000004a   Code   RO         1012    .text               c_w.l(sys_stackheap_outer.o)
    0x08006eca   0x08006eca   0x00000012   Code   RO         1014    .text               c_w.l(exit.o)
    0x08006edc   0x08006edc   0x00000080   Code   RO         1016    .text               c_w.l(strcmpv7m.o)
    0x08006f5c   0x08006f5c   0x0000003e   Code   RO          978    CL$$btod_d2e        c_w.l(btod.o)
    0x08006f9a   0x08006f9a   0x00000046   Code   RO          980    CL$$btod_d2e_denorm_low  c_w.l(btod.o)
    0x08006fe0   0x08006fe0   0x00000060   Code   RO          979    CL$$btod_d2e_norm_op1  c_w.l(btod.o)
    0x08007040   0x08007040   0x00000338   Code   RO          988    CL$$btod_div_common  c_w.l(btod.o)
    0x08007378   0x08007378   0x000000dc   Code   RO          985    CL$$btod_e2e        c_w.l(btod.o)
    0x08007454   0x08007454   0x0000002a   Code   RO          982    CL$$btod_ediv       c_w.l(btod.o)
    0x0800747e   0x0800747e   0x0000002a   Code   RO          981    CL$$btod_emul       c_w.l(btod.o)
    0x080074a8   0x080074a8   0x00000244   Code   RO          987    CL$$btod_mult_common  c_w.l(btod.o)
    0x080076ec   0x080076ec   0x00000010   Code   RO          220    i.LCD_WriteReg      lcd.o
    0x080076fc   0x080076fc   0x00000030   Code   RO         1007    i.__ARM_fpclassify  m_wm.l(fpclassify.o)
    0x0800772c   0x0800772c   0x0000007a   Code   RO          903    i.__hardfp_sqrt     m_wm.l(sqrt.o)
    0x080077a6   0x080077a6   0x0000000e   Code   RO          848    i._is_digit         c_w.l(__printf_wp.o)
    0x080077b4   0x080077b4   0x0000002c   Code   RO         1001    locale$$code        c_w.l(lc_numeric_c.o)
    0x080077e0   0x080077e0   0x00000062   Code   RO          867    x$fpl$d2f           fz_wm.l(d2f.o)
    0x08007842   0x08007842   0x00000002   PAD
    0x08007844   0x08007844   0x00000150   Code   RO          869    x$fpl$dadd          fz_wm.l(daddsub_clz.o)
    0x08007994   0x08007994   0x000002b0   Code   RO          876    x$fpl$ddiv          fz_wm.l(ddiv.o)
    0x08007c44   0x08007c44   0x0000005e   Code   RO          879    x$fpl$dfix          fz_wm.l(dfix.o)
    0x08007ca2   0x08007ca2   0x00000002   PAD
    0x08007ca4   0x08007ca4   0x0000005a   Code   RO          887    x$fpl$dfixu         fz_wm.l(dfixu.o)
    0x08007cfe   0x08007cfe   0x0000002e   Code   RO          892    x$fpl$dflt          fz_wm.l(dflt_clz.o)
    0x08007d2c   0x08007d2c   0x00000026   Code   RO          891    x$fpl$dfltu         fz_wm.l(dflt_clz.o)
    0x08007d52   0x08007d52   0x00000002   PAD
    0x08007d54   0x08007d54   0x00000154   Code   RO          897    x$fpl$dmul          fz_wm.l(dmul.o)
    0x08007ea8   0x08007ea8   0x0000009c   Code   RO          933    x$fpl$dnaninf       fz_wm.l(dnaninf.o)
    0x08007f44   0x08007f44   0x0000000c   Code   RO          935    x$fpl$dretinf       fz_wm.l(dretinf.o)
    0x08007f50   0x08007f50   0x00000198   Code   RO          937    x$fpl$dsqrt         fz_wm.l(dsqrt_umaal.o)
    0x080080e8   0x080080e8   0x000001d4   Code   RO          871    x$fpl$dsub          fz_wm.l(daddsub_clz.o)
    0x080082bc   0x080082bc   0x00000056   Code   RO          899    x$fpl$f2d           fz_wm.l(f2d.o)
    0x08008312   0x08008312   0x0000008c   Code   RO          939    x$fpl$fnaninf       fz_wm.l(fnaninf.o)
    0x0800839e   0x0800839e   0x0000000a   Code   RO         1073    x$fpl$fpinit        fz_wm.l(fpinit.o)
    0x080083a8   0x080083a8   0x0000000a   Code   RO          941    x$fpl$fretinf       fz_wm.l(fretinf.o)
    0x080083b2   0x080083b2   0x00000002   PAD
    0x080083b4   0x080083b4   0x000000c2   Code   RO          883    x$fpl$llsfromd      fz_wm.l(dfixll.o)
    0x08008476   0x08008476   0x00000004   Code   RO          901    x$fpl$printf1       fz_wm.l(printf1.o)
    0x0800847a   0x0800847a   0x00000000   Code   RO          943    x$fpl$usenofp       fz_wm.l(usenofp.o)
    0x0800847a   0x0800847a   0x000005f0   Data   RO          182    .constdata          asciilib.o
    0x08008a6a   0x08008a6a   0x000005f0   Data   RO          204    .constdata          lcd.o
    0x0800905a   0x0800905a   0x00000800   Data   RO          756    .constdata          arm_cortexM4lf_math.lib(arm_common_tables.o)
    0x0800985a   0x0800985a   0x00000002   PAD
    0x0800985c   0x0800985c   0x00008000   Data   RO          765    .constdata          arm_cortexM4lf_math.lib(arm_common_tables.o)
    0x0801185c   0x0801185c   0x00000028   Data   RO          821    .constdata          c_w.l(_printf_hex_int.o)
    0x08011884   0x08011884   0x00000011   Data   RO          851    .constdata          c_w.l(__printf_flags_wp.o)
    0x08011895   0x08011895   0x00000003   PAD
    0x08011898   0x08011898   0x00000094   Data   RO          976    .constdata          c_w.l(bigflt0.o)
    0x0801192c   0x0801192c   0x00000020   Data   RO         1144    Region$$Table       anon$$obj.o
    0x0801194c   0x0801194c   0x0000001c   Data   RO         1000    locale$$data        c_w.l(lc_numeric_c.o)


    Execution Region RW_IRAM1 (Exec base: 0x20000000, Load base: 0x08011968, Size: 0x000107d0, Max: 0x00020000, ABSOLUTE)

    Exec Addr    Load Addr    Size         Type   Attr      Idx    E Section Name        Object

    0x20000000   0x08011968   0x00000010   Data   RW            5    .data               main.o
    0x20000010   0x08011978   0x00000004   Data   RW            6    .data               main.o
    0x20000014   0x0801197c   0x00000004   Data   RW          205    .data               lcd.o
    0x20000018   0x08011980   0x00000038   Data   RW          286    .data               tim.o
    0x20000050   0x080119b8   0x00000010   Data   RW          448    .data               stm32f4xx_rcc.o
    0x20000060   0x080119c8   0x00000014   Data   RW          563    .data               system_stm32f4xx.o
    0x20000074   0x080119dc   0x00000004   Data   RW          585    .data               delay.o
    0x20000078   0x080119e0   0x00000002   Data   RW          620    .data               usart.o
    0x2000007a   0x080119e2   0x00000002   PAD
    0x2000007c        -       0x00010000   Zero   RW            3    .bss                main.o
    0x2001007c        -       0x00000020   Zero   RW          284    .bss                tim.o
    0x2001009c        -       0x0000000a   Zero   RW          285    .bss                tim.o
    0x200100a6        -       0x000000c8   Zero   RW          619    .bss                usart.o
    0x2001016e   0x080119e2   0x00000002   PAD
    0x20010170        -       0x00000060   Zero   RW         1010    .bss                c_w.l(libspace.o)
    0x200101d0        -       0x00000200   Zero   RW          392    HEAP                startup_stm32f4xx.o
    0x200103d0        -       0x00000400   Zero   RW          391    STACK               startup_stm32f4xx.o


==============================================================================

Image component sizes


      Code (inc. data)   RO Data    RW Data    ZI Data      Debug   Object Name

       160         16          0          0          0        791   ad7176z.o
        20          4       1520          0          0       1050   asciilib.o
       184          4          0          4          0       1497   delay.o
       432         24          0          0          0       1150   exti.o
        48          6          0          0          0        491   key.o
      7092         50       1520          4          0      13259   lcd.o
        64          6          0          0          0        499   led.o
      5250        334          0         20      65536     292222   main.o
       176         12          0          0          0       2125   misc.o
        64         26        392          0       1536        924   startup_stm32f4xx.o
       232          8          0          0          0       2627   stm32f4xx_exti.o
      1148          6          0          0          0       6075   stm32f4xx_fsmc.o
       492         36          0          0          0       4621   stm32f4xx_gpio.o
        18          0          0          0          0       1218   stm32f4xx_it.o
       976         36          0         16          0      11607   stm32f4xx_rcc.o
       752         22          0          0          0       7477   stm32f4xx_spi.o
       120         18          0          0          0       1803   stm32f4xx_syscfg.o
      2524         52          0          0          0      24174   stm32f4xx_tim.o
       824         24          0          0          0       8436   stm32f4xx_usart.o
       380         36          0         20          0       2171   system_stm32f4xx.o
       972         84          0         56         42       3136   tim.o
       284         16          0          2        200       3350   usart.o
       288          8          0          0          0       1063   ws_spi.o

    ----------------------------------------------------------------------
     22504        828       3464        124      67316     391766   Object Totals
         0          0         32          0          0          0   (incl. Generated)
         4          0          0          2          2          0   (incl. Padding)

    ----------------------------------------------------------------------

      Code (inc. data)   RO Data    RW Data    ZI Data      Debug   Library Member Name

       486          0          0          0          0       2210   arm_bitreversal.o
      1696          0          0          0          0       4744   arm_cfft_radix4_f32.o
       192         46          0          0          0        767   arm_cfft_radix4_init_f32.o
       240          4          0          0          0      16312   arm_cmplx_mag_f32.o
         0          0      34816          0          0       2517   arm_common_tables.o
         8          0          0          0          0         68   __main.o
       312          4         17          0          0         92   __printf_flags_wp.o
        14          0          0          0          0         68   __printf_wp.o
         0          0          0          0          0          0   __rtentry.o
        12          0          0          0          0          0   __rtentry2.o
         6          0          0          0          0          0   __rtentry4.o
        52          8          0          0          0          0   __scatter.o
        26          0          0          0          0          0   __scatter_copy.o
        28          0          0          0          0          0   __scatter_zi.o
        48          6          0          0          0         96   _printf_char_common.o
         6          0          0          0          0          0   _printf_f.o
      1054          0          0          0          0        216   _printf_fp_dec.o
       128         16          0          0          0         84   _printf_fp_infnan.o
        88          4         40          0          0         88   _printf_hex_int.o
       178          0          0          0          0         88   _printf_intcommon.o
        78          0          0          0          0        108   _printf_pad.o
         0          0          0          0          0          0   _printf_percent.o
         4          0          0          0          0          0   _printf_percent_end.o
         6          0          0          0          0          0   _printf_x.o
        22          0          0          0          0        100   _rserrno.o
        10          0          0          0          0         68   _sputc.o
       228          4        148          0          0         96   bigflt0.o
      1936        128          0          0          0        672   btod.o
        18          0          0          0          0         80   exit.o
         6          0          0          0          0        152   heapauxi.o
        44         10         28          0          0         76   lc_numeric_c.o
         2          0          0          0          0          0   libinit.o
        22          0          0          0          0          0   libinit2.o
         2          0          0          0          0          0   libshutdown.o
         2          0          0          0          0          0   libshutdown2.o
         8          4          0          0         96         68   libspace.o
       138          0          0          0          0         80   lludiv10.o
        40          6          0          0          0         84   noretval__2sprintf.o
         8          4          0          0          0         68   rt_errno_addr_intlibspace.o
         8          4          0          0          0         68   rt_locale_intlibspace.o
       138          0          0          0          0         68   rt_memcpy_v6.o
       100          0          0          0          0         80   rt_memcpy_w.o
         2          0          0          0          0          0   rtexit.o
        10          0          0          0          0          0   rtexit2.o
       128          0          0          0          0         68   strcmpv7m.o
        74          0          0          0          0         80   sys_stackheap_outer.o
         2          0          0          0          0         68   use_no_semi.o
         2          0          0          0          0         68   use_no_semi_2.o
        98          4          0          0          0        140   d2f.o
       804         16          0          0          0        368   daddsub_clz.o
       688        140          0          0          0        256   ddiv.o
        94          4          0          0          0        140   dfix.o
       194          4          0          0          0        164   dfixll.o
        90          4          0          0          0        140   dfixu.o
        84          0          0          0          0        232   dflt_clz.o
       340         12          0          0          0        152   dmul.o
       156          4          0          0          0        140   dnaninf.o
        12          0          0          0          0        116   dretinf.o
       408         56          0          0          0        168   dsqrt_umaal.o
        86          4          0          0          0        132   f2d.o
       140          4          0          0          0        132   fnaninf.o
        10          0          0          0          0        116   fpinit.o
        10          0          0          0          0        116   fretinf.o
         4          0          0          0          0        116   printf1.o
         0          0          0          0          0          0   usenofp.o
        48          0          0          0          0        124   fpclassify.o
       122          0          0          0          0        148   sqrt.o

    ----------------------------------------------------------------------
     11018        500      35054          0         96      32402   Library Totals
        18          0          5          0          0          0   (incl. Padding)

    ----------------------------------------------------------------------

      Code (inc. data)   RO Data    RW Data    ZI Data      Debug   Library Name

      2614         50      34816          0          0      26550   arm_cortexM4lf_math.lib
      4998        198        233          0         96       2952   c_w.l
      3218        252          0          0          0       2628   fz_wm.l
       170          0          0          0          0        272   m_wm.l

    ----------------------------------------------------------------------
     11018        500      35054          0         96      32402   Library Totals

    ----------------------------------------------------------------------

==============================================================================


      Code (inc. data)   RO Data    RW Data    ZI Data      Debug   

     33522       1328      38518        124      67412     415456   Grand Totals
     33522       1328      38518        124      67412     415456   ELF Image Totals
     33522       1328      38518        124          0          0   ROM Totals

==============================================================================

    Total RO  Size (Code + RO Data)                72040 (  70.35kB)
    Total RW  Size (RW Data + ZI Data)             67536 (  65.95kB)
    Total ROM Size (Code + RO Data + RW Data)      72164 (  70.47kB)

==============================================================================

